Component: ARM Compiler 5.06 update 7 (build 960) Tool: armlink [4d3601]

==============================================================================

Section Cross References

    startup_stm32f103xb.o(RESET) refers to startup_stm32f103xb.o(STACK) for __initial_sp
    startup_stm32f103xb.o(RESET) refers to startup_stm32f103xb.o(.text) for Reset_Handler
    startup_stm32f103xb.o(RESET) refers to stm32f1xx_it.o(i.NMI_Handler) for NMI_Handler
    startup_stm32f103xb.o(RESET) refers to stm32f1xx_it.o(i.HardFault_Handler) for HardFault_Handler
    startup_stm32f103xb.o(RESET) refers to stm32f1xx_it.o(i.MemManage_Handler) for MemManage_Handler
    startup_stm32f103xb.o(RESET) refers to stm32f1xx_it.o(i.BusFault_Handler) for BusFault_Handler
    startup_stm32f103xb.o(RESET) refers to stm32f1xx_it.o(i.UsageFault_Handler) for UsageFault_Handler
    startup_stm32f103xb.o(RESET) refers to stm32f1xx_it.o(i.SVC_Handler) for SVC_Handler
    startup_stm32f103xb.o(RESET) refers to stm32f1xx_it.o(i.DebugMon_Handler) for DebugMon_Handler
    startup_stm32f103xb.o(RESET) refers to stm32f1xx_it.o(i.PendSV_Handler) for PendSV_Handler
    startup_stm32f103xb.o(RESET) refers to stm32f1xx_it.o(i.SysTick_Handler) for SysTick_Handler
    startup_stm32f103xb.o(RESET) refers to stm32f1xx_it.o(i.DMA1_Channel5_IRQHandler) for DMA1_Channel5_IRQHandler
    startup_stm32f103xb.o(RESET) refers to stm32f1xx_it.o(i.USART1_IRQHandler) for USART1_IRQHandler
    startup_stm32f103xb.o(RESET) refers to stm32f1xx_it.o(i.USART2_IRQHandler) for USART2_IRQHandler
    startup_stm32f103xb.o(.text) refers to system_stm32f1xx.o(i.SystemInit) for SystemInit
    startup_stm32f103xb.o(.text) refers to entry.o(.ARM.Collect$$$$00000000) for __main
    main.o(i.SystemClock_Config) refers to memseta.o(.text) for __aeabi_memclr4
    main.o(i.SystemClock_Config) refers to stm32f1xx_hal_rcc.o(i.HAL_RCC_OscConfig) for HAL_RCC_OscConfig
    main.o(i.SystemClock_Config) refers to main.o(i.Error_Handler) for Error_Handler
    main.o(i.SystemClock_Config) refers to stm32f1xx_hal_rcc.o(i.HAL_RCC_ClockConfig) for HAL_RCC_ClockConfig
    main.o(i.main) refers to stm32f1xx_hal.o(i.HAL_Init) for HAL_Init
    main.o(i.main) refers to main.o(i.SystemClock_Config) for SystemClock_Config
    main.o(i.main) refers to gpio.o(i.MX_GPIO_Init) for MX_GPIO_Init
    main.o(i.main) refers to dma.o(i.MX_DMA_Init) for MX_DMA_Init
    main.o(i.main) refers to usart.o(i.MX_USART1_UART_Init) for MX_USART1_UART_Init
    main.o(i.main) refers to tim.o(i.MX_TIM2_Init) for MX_TIM2_Init
    main.o(i.main) refers to usart.o(i.MX_USART2_UART_Init) for MX_USART2_UART_Init
    main.o(i.main) refers to picos.o(i.os_start) for os_start
    gpio.o(i.MX_GPIO_Init) refers to stm32f1xx_hal_gpio.o(i.HAL_GPIO_WritePin) for HAL_GPIO_WritePin
    gpio.o(i.MX_GPIO_Init) refers to stm32f1xx_hal_gpio.o(i.HAL_GPIO_Init) for HAL_GPIO_Init
    dma.o(i.MX_DMA_Init) refers to stm32f1xx_hal_cortex.o(i.HAL_NVIC_SetPriority) for HAL_NVIC_SetPriority
    dma.o(i.MX_DMA_Init) refers to stm32f1xx_hal_cortex.o(i.HAL_NVIC_EnableIRQ) for HAL_NVIC_EnableIRQ
    tim.o(i.HAL_TIM_Base_MspDeInit) refers to stm32f1xx_hal_dma.o(i.HAL_DMA_DeInit) for HAL_DMA_DeInit
    tim.o(i.HAL_TIM_Base_MspInit) refers to stm32f1xx_hal_dma.o(i.HAL_DMA_Init) for HAL_DMA_Init
    tim.o(i.HAL_TIM_Base_MspInit) refers to main.o(i.Error_Handler) for Error_Handler
    tim.o(i.HAL_TIM_Base_MspInit) refers to tim.o(.bss) for hdma_tim2_ch1
    tim.o(i.HAL_TIM_MspPostInit) refers to stm32f1xx_hal_gpio.o(i.HAL_GPIO_Init) for HAL_GPIO_Init
    tim.o(i.MX_TIM2_Init) refers to memseta.o(.text) for __aeabi_memclr4
    tim.o(i.MX_TIM2_Init) refers to stm32f1xx_hal_tim.o(i.HAL_TIM_Base_Init) for HAL_TIM_Base_Init
    tim.o(i.MX_TIM2_Init) refers to main.o(i.Error_Handler) for Error_Handler
    tim.o(i.MX_TIM2_Init) refers to stm32f1xx_hal_tim.o(i.HAL_TIM_ConfigClockSource) for HAL_TIM_ConfigClockSource
    tim.o(i.MX_TIM2_Init) refers to stm32f1xx_hal_tim.o(i.HAL_TIM_PWM_Init) for HAL_TIM_PWM_Init
    tim.o(i.MX_TIM2_Init) refers to stm32f1xx_hal_tim_ex.o(i.HAL_TIMEx_MasterConfigSynchronization) for HAL_TIMEx_MasterConfigSynchronization
    tim.o(i.MX_TIM2_Init) refers to stm32f1xx_hal_tim.o(i.HAL_TIM_PWM_ConfigChannel) for HAL_TIM_PWM_ConfigChannel
    tim.o(i.MX_TIM2_Init) refers to tim.o(i.HAL_TIM_MspPostInit) for HAL_TIM_MspPostInit
    tim.o(i.MX_TIM2_Init) refers to tim.o(.bss) for htim2
    usart.o(i.HAL_UART_MspDeInit) refers to stm32f1xx_hal_gpio.o(i.HAL_GPIO_DeInit) for HAL_GPIO_DeInit
    usart.o(i.HAL_UART_MspDeInit) refers to stm32f1xx_hal_cortex.o(i.HAL_NVIC_DisableIRQ) for HAL_NVIC_DisableIRQ
    usart.o(i.HAL_UART_MspInit) refers to stm32f1xx_hal_gpio.o(i.HAL_GPIO_Init) for HAL_GPIO_Init
    usart.o(i.HAL_UART_MspInit) refers to stm32f1xx_hal_cortex.o(i.HAL_NVIC_SetPriority) for HAL_NVIC_SetPriority
    usart.o(i.HAL_UART_MspInit) refers to stm32f1xx_hal_cortex.o(i.HAL_NVIC_EnableIRQ) for HAL_NVIC_EnableIRQ
[...]
    ../clib/microlib/init/entry.s            0x00000000   Number         0  entry12a.o ABSOLUTE
    ../clib/microlib/init/entry.s            0x00000000   Number         0  entry12b.o ABSOLUTE
    ../clib/microlib/init/entry.s            0x00000000   Number         0  entry8b.o ABSOLUTE
    ../clib/microlib/init/entry.s            0x00000000   Number         0  entry.o ABSOLUTE
    ../clib/microlib/longlong.c              0x00000000   Number         0  llshl.o ABSOLUTE
    ../clib/microlib/longlong.c              0x00000000   Number         0  llushr.o ABSOLUTE
    ../clib/microlib/longlong.c              0x00000000   Number         0  llsshr.o ABSOLUTE
    ../clib/microlib/malloc/malloc.c         0x00000000   Number         0  mallocra.o ABSOLUTE
    ../clib/microlib/malloc/malloc.c         0x00000000   Number         0  malloca.o ABSOLUTE
    ../clib/microlib/malloc/malloc.c         0x00000000   Number         0  mallocr.o ABSOLUTE
    ../clib/microlib/malloc/malloc.c         0x00000000   Number         0  malloc.o ABSOLUTE
    ../clib/microlib/malloc/mvars.c          0x00000000   Number         0  mvars.o ABSOLUTE
    ../clib/microlib/printf/printf.c         0x00000000   Number         0  printf6.o ABSOLUTE
    ../clib/microlib/printf/printf.c         0x00000000   Number         0  printfa.o ABSOLUTE
    ../clib/microlib/printf/printf.c         0x00000000   Number         0  printf8.o ABSOLUTE
    ../clib/microlib/printf/printf.c         0x00000000   Number         0  printf7.o ABSOLUTE
    ../clib/microlib/printf/printf.c         0x00000000   Number         0  printf5.o ABSOLUTE
    ../clib/microlib/printf/printf.c         0x00000000   Number         0  printf4.o ABSOLUTE
    ../clib/microlib/printf/printf.c         0x00000000   Number         0  printf3.o ABSOLUTE
    ../clib/microlib/printf/printf.c         0x00000000   Number         0  printf2.o ABSOLUTE
    ../clib/microlib/printf/printf.c         0x00000000   Number         0  printf1.o ABSOLUTE
    ../clib/microlib/printf/printf.c         0x00000000   Number         0  printf0.o ABSOLUTE
    ../clib/microlib/printf/printf.c         0x00000000   Number         0  printfb.o ABSOLUTE
    ../clib/microlib/printf/stubs.s          0x00000000   Number         0  stubs.o ABSOLUTE
    ../clib/microlib/stdio/streams.c         0x00000000   Number         0  stdout.o ABSOLUTE
    ../clib/microlib/string/memcpy.c         0x00000000   Number         0  memcpya.o ABSOLUTE
    ../clib/microlib/string/memcpy.c         0x00000000   Number         0  memcpyb.o ABSOLUTE
    ../clib/microlib/string/memset.c         0x00000000   Number         0  memseta.o ABSOLUTE
    ../clib/microlib/stubs.s                 0x00000000   Number         0  iusefp.o ABSOLUTE
    ../fplib/microlib/f2d.c                  0x00000000   Number         0  f2d.o ABSOLUTE
    ../fplib/microlib/fpadd.c                0x00000000   Number         0  fadd.o ABSOLUTE
    ../fplib/microlib/fpadd.c                0x00000000   Number         0  dadd.o ABSOLUTE
    ../fplib/microlib/fpdiv.c                0x00000000   Number         0  ddiv.o ABSOLUTE
    ../fplib/microlib/fpdiv.c                0x00000000   Number         0  fdiv.o ABSOLUTE
    ../fplib/microlib/fpepilogue.c           0x00000000   Number         0  fepilogue.o ABSOLUTE
    ../fplib/microlib/fpepilogue.c           0x00000000   Number         0  depilogue.o ABSOLUTE
    ../fplib/microlib/fpfix.c                0x00000000   Number         0  dfixul.o ABSOLUTE
    ../fplib/microlib/fpfix.c                0x00000000   Number         0  dfixui.o ABSOLUTE
    ../fplib/microlib/fpflt.c                0x00000000   Number         0  fflti.o ABSOLUTE
    ../fplib/microlib/fpmul.c                0x00000000   Number         0  fmul.o ABSOLUTE
    ../fplib/microlib/fpmul.c                0x00000000   Number         0  dmul.o ABSOLUTE
    ../fplib/microlib/fprnd.c                0x00000000   Number         0  drnd.o ABSOLUTE
    ../mathlib/round.c                       0x00000000   Number         0  round.o ABSOLUTE
    ..\Core\Src\dma.c                        0x00000000   Number         0  dma.o ABSOLUTE
    ..\Core\Src\gpio.c                       0x00000000   Number         0  gpio.o ABSOLUTE
    ..\Core\Src\main.c                       0x00000000   Number         0  main.o ABSOLUTE
    ..\Core\Src\stm32f1xx_hal_msp.c          0x00000000   Number         0  stm32f1xx_hal_msp.o ABSOLUTE
    ..\Core\Src\stm32f1xx_it.c               0x00000000   Number         0  stm32f1xx_it.o ABSOLUTE
    ..\Core\Src\system_stm32f1xx.c           0x00000000   Number         0  system_stm32f1xx.o ABSOLUTE
    ..\Core\Src\tim.c                        0x00000000   Number         0  tim.o ABSOLUTE
    ..\Core\Src\usart.c                      0x00000000   Number         0  usart.o ABSOLUTE
    ..\Drivers\STM32F1xx_HAL_Driver\Src\stm32f1xx_hal.c 0x00000000   Number         0  stm32f1xx_hal.o ABSOLUTE
    ..\Drivers\STM32F1xx_HAL_Driver\Src\stm32f1xx_hal_cortex.c 0x00000000   Number         0  stm32f1xx_hal_cortex.o ABSOLUTE
    ..\Drivers\STM32F1xx_HAL_Driver\Src\stm32f1xx_hal_dma.c 0x00000000   Number         0  stm32f1xx_hal_dma.o ABSOLUTE
    ..\Drivers\STM32F1xx_HAL_Driver\Src\stm32f1xx_hal_exti.c 0x00000000   Number         0  stm32f1xx_hal_exti.o ABSOLUTE
    ..\Drivers\STM32F1xx_HAL_Driver\Src\stm32f1xx_hal_flash.c 0x00000000   Number         0  stm32f1xx_hal_flash.o ABSOLUTE
    ..\Drivers\STM32F1xx_HAL_Driver\Src\stm32f1xx_hal_flash_ex.c 0x00000000   Number         0  stm32f1xx_hal_flash_ex.o ABSOLUTE
    ..\Drivers\STM32F1xx_HAL_Driver\Src\stm32f1xx_hal_gpio.c 0x00000000   Number         0  stm32f1xx_hal_gpio.o ABSOLUTE
    ..\Drivers\STM32F1xx_HAL_Driver\Src\stm32f1xx_hal_gpio_ex.c 0x00000000   Number         0  stm32f1xx_hal_gpio_ex.o ABSOLUTE
    ..\Drivers\STM32F1xx_HAL_Driver\Src\stm32f1xx_hal_pwr.c 0x00000000   Number         0  stm32f1xx_hal_pwr.o ABSOLUTE
    ..\Drivers\STM32F1xx_HAL_Driver\Src\stm32f1xx_hal_rcc.c 0x00000000   Number         0  stm32f1xx_hal_rcc.o ABSOLUTE
    ..\Drivers\STM32F1xx_HAL_Driver\Src\stm32f1xx_hal_rcc_ex.c 0x00000000   Number         0  stm32f1xx_hal_rcc_ex.o ABSOLUTE
    ..\Drivers\STM32F1xx_HAL_Driver\Src\stm32f1xx_hal_tim.c 0x00000000   Number         0  stm32f1xx_hal_tim.o ABSOLUTE
    ..\Drivers\STM32F1xx_HAL_Driver\Src\stm32f1xx_hal_tim_ex.c 0x00000000   Number         0  stm32f1xx_hal_tim_ex.o ABSOLUTE
    ..\Drivers\STM32F1xx_HAL_Driver\Src\stm32f1xx_hal_uart.c 0x00000000   Number         0  stm32f1xx_hal_uart.o ABSOLUTE
    ..\\user\\src\\com_manage.c              0x00000000   Number         0  com_manage.o ABSOLUTE
    ..\\user\\src\\debug.c                   0x00000000   Number         0  debug.o ABSOLUTE
    ..\\user\\src\\led.c                     0x00000000   Number         0  led.o ABSOLUTE
    ..\\user\\src\\timer_set.c               0x00000000   Number         0  timer_set.o ABSOLUTE
    ..\\user\\src\\ws2812.c                  0x00000000   Number         0  ws2812.o ABSOLUTE
    ..\user\driver\msg_que.c                 0x00000000   Number         0  msg_que.o ABSOLUTE
    ..\user\driver\ring.c                    0x00000000   Number         0  ring.o ABSOLUTE
    ..\user\src\com_manage.c                 0x00000000   Number         0  com_manage.o ABSOLUTE
    ..\user\src\debug.c                      0x00000000   Number         0  debug.o ABSOLUTE
    ..\user\src\le_be.c                      0x00000000   Number         0  le_be.o ABSOLUTE
    ..\user\src\led.c                        0x00000000   Number         0  led.o ABSOLUTE
    ..\user\src\picos.c                      0x00000000   Number         0  picos.o ABSOLUTE
    ..\user\src\timer_set.c                  0x00000000   Number         0  timer_set.o ABSOLUTE
    ..\user\src\ws2812.c                     0x00000000   Number         0  ws2812.o ABSOLUTE
    cdcmple.s                                0x00000000   Number         0  cdcmple.o ABSOLUTE
    cdrcmple.s                               0x00000000   Number         0  cdrcmple.o ABSOLUTE
    dc.s                                     0x00000000   Number         0  dc.o ABSOLUTE
    handlers.s                               0x00000000   Number         0  handlers.o ABSOLUTE
    init.s                                   0x00000000   Number         0  init.o ABSOLUTE
    startup_stm32f103xb.s                    0x00000000   Number         0  startup_stm32f103xb.o ABSOLUTE
    RESET                                    0x08000000   Section      236  startup_stm32f103xb.o(RESET)
    .ARM.Collect$$$$00000000                 0x080000ec   Section        0  entry.o(.ARM.Collect$$$$00000000)
    .ARM.Collect$$$$00000001                 0x080000ec   Section        4  entry2.o(.ARM.Collect$$$$00000001)
    .ARM.Collect$$$$00000004                 0x080000f0   Section        4  entry5.o(.ARM.Collect$$$$00000004)
    .ARM.Collect$$$$00000008                 0x080000f4   Section        0  entry7b.o(.ARM.Collect$$$$00000008)
    .ARM.Collect$$$$0000000A                 0x080000f4   Section        0  entry8b.o(.ARM.Collect$$$$0000000A)
    .ARM.Collect$$$$0000000B                 0x080000f4   Section        8  entry9a.o(.ARM.Collect$$$$0000000B)
    .ARM.Collect$$$$0000000E                 0x080000fc   Section        4  entry12b.o(.ARM.Collect$$$$0000000E)
    .ARM.Collect$$$$0000000F                 0x08000100   Section        0  entry10a.o(.ARM.Collect$$$$0000000F)
    .ARM.Collect$$$$00000011                 0x08000100   Section        0  entry11a.o(.ARM.Collect$$$$00000011)
    .ARM.Collect$$$$00002712                 0x08000100   Section        4  entry2.o(.ARM.Collect$$$$00002712)
    __lit__00000000                          0x08000100   Data           4  entry2.o(.ARM.Collect$$$$00002712)
    .text                                    0x08000104   Section       36  startup_stm32f103xb.o(.text)
    .text                                    0x08000128   Section        0  llushr.o(.text)
    .text                                    0x08000148   Section        0  memcpya.o(.text)
    .text                                    0x0800016c   Section        0  memseta.o(.text)
    .text                                    0x08000190   Section        0  fadd.o(.text)
    .text                                    0x08000240   Section        0  fmul.o(.text)
    .text                                    0x080002a4   Section        0  fdiv.o(.text)
    .text                                    0x08000320   Section        0  fflti.o(.text)
    .text                                    0x08000332   Section        0  dfixui.o(.text)
    .text                                    0x08000364   Section        0  f2d.o(.text)
    .text                                    0x0800038a   Section        0  uldiv.o(.text)
    .text                                    0x080003ec   Section        0  iusefp.o(.text)
    .text                                    0x080003ec   Section        0  fepilogue.o(.text)
    .text                                    0x0800045a   Section        0  dadd.o(.text)
    .text                                    0x080005a8   Section        0  drnd.o(.text)
    .text                                    0x08000630   Section       48  cdcmple.o(.text)
    .text                                    0x08000660   Section       48  cdrcmple.o(.text)
    .text                                    0x08000690   Section       36  init.o(.text)
    .text                                    0x080006b4   Section        0  llshl.o(.text)
    .text                                    0x080006d2   Section        0  llsshr.o(.text)
    .text                                    0x080006f6   Section        0  depilogue.o(.text)
    i.BusFault_Handler                       0x080007b0   Section        0  stm32f1xx_it.o(i.BusFault_Handler)
    i.DMA1_Channel5_IRQHandler               0x080007b4   Section        0  stm32f1xx_it.o(i.DMA1_Channel5_IRQHandler)
    i.DMA_SetConfig                          0x080007c4   Section        0  stm32f1xx_hal_dma.o(i.DMA_SetConfig)
    DMA_SetConfig                            0x080007c5   Thumb Code    44  stm32f1xx_hal_dma.o(i.DMA_SetConfig)
    i.DebugMon_Handler                       0x080007f0   Section        0  stm32f1xx_it.o(i.DebugMon_Handler)
    i.EnterQueue                             0x080007f2   Section        0  msg_que.o(i.EnterQueue)
    i.EnterRingFIFO                          0x08000822   Section        0  ring.o(i.EnterRingFIFO)
    i.Error_Handler                          0x08000852   Section        0  main.o(i.Error_Handler)
    i.HAL_DMA_Abort                          0x08000858   Section        0  stm32f1xx_hal_dma.o(i.HAL_DMA_Abort)
    i.HAL_DMA_Abort_IT                       0x080008b0   Section        0  stm32f1xx_hal_dma.o(i.HAL_DMA_Abort_IT)
    i.HAL_DMA_IRQHandler                     0x08000960   Section        0  stm32f1xx_hal_dma.o(i.HAL_DMA_IRQHandler)
    i.HAL_DMA_Init                           0x08000afc   Section        0  stm32f1xx_hal_dma.o(i.HAL_DMA_Init)
    i.HAL_DMA_Start_IT                       0x08000b64   Section        0  stm32f1xx_hal_dma.o(i.HAL_DMA_Start_IT)
    i.HAL_Delay                              0x08000c00   Section        0  stm32f1xx_hal.o(i.HAL_Delay)
    i.HAL_GPIO_Init                          0x08000c28   Section        0  stm32f1xx_hal_gpio.o(i.HAL_GPIO_Init)
    i.HAL_GPIO_TogglePin                     0x08000f48   Section        0  stm32f1xx_hal_gpio.o(i.HAL_GPIO_TogglePin)
    i.HAL_GPIO_WritePin                      0x08000f5c   Section        0  stm32f1xx_hal_gpio.o(i.HAL_GPIO_WritePin)
    i.HAL_GetTick                            0x08000f68   Section        0  stm32f1xx_hal.o(i.HAL_GetTick)
    i.HAL_IncTick                            0x08000f74   Section        0  stm32f1xx_hal.o(i.HAL_IncTick)
    i.HAL_Init                               0x08000f8c   Section        0  stm32f1xx_hal.o(i.HAL_Init)
    i.HAL_InitTick                           0x08000fb4   Section        0  stm32f1xx_hal.o(i.HAL_InitTick)
    i.HAL_MspInit                            0x08001000   Section        0  stm32f1xx_hal_msp.o(i.HAL_MspInit)
    i.HAL_NVIC_EnableIRQ                     0x08001054   Section        0  stm32f1xx_hal_cortex.o(i.HAL_NVIC_EnableIRQ)
    i.HAL_NVIC_SetPriority                   0x08001074   Section        0  stm32f1xx_hal_cortex.o(i.HAL_NVIC_SetPriority)
    i.HAL_NVIC_SetPriorityGrouping           0x080010f0   Section        0  stm32f1xx_hal_cortex.o(i.HAL_NVIC_SetPriorityGrouping)
    i.HAL_RCC_ClockConfig                    0x08001118   Section        0  stm32f1xx_hal_rcc.o(i.HAL_RCC_ClockConfig)
    i.HAL_RCC_GetHCLKFreq                    0x080012a4   Section        0  stm32f1xx_hal_rcc.o(i.HAL_RCC_GetHCLKFreq)
    i.HAL_RCC_GetPCLK1Freq                   0x080012b0   Section        0  stm32f1xx_hal_rcc.o(i.HAL_RCC_GetPCLK1Freq)
    i.HAL_RCC_GetPCLK2Freq                   0x080012d0   Section        0  stm32f1xx_hal_rcc.o(i.HAL_RCC_GetPCLK2Freq)
    i.HAL_RCC_GetSysClockFreq                0x080012f0   Section        0  stm32f1xx_hal_rcc.o(i.HAL_RCC_GetSysClockFreq)
    i.HAL_RCC_OscConfig                      0x08001360   Section        0  stm32f1xx_hal_rcc.o(i.HAL_RCC_OscConfig)
    i.HAL_SYSTICK_Config                     0x080017c4   Section        0  stm32f1xx_hal_cortex.o(i.HAL_SYSTICK_Config)
    i.HAL_TIMEx_MasterConfigSynchronization  0x080017f8   Section        0  stm32f1xx_hal_tim_ex.o(i.HAL_TIMEx_MasterConfigSynchronization)
    i.HAL_TIM_Base_Init                      0x0800187c   Section        0  stm32f1xx_hal_tim.o(i.HAL_TIM_Base_Init)
    i.HAL_TIM_Base_MspInit                   0x080018e4   Section        0  tim.o(i.HAL_TIM_Base_MspInit)
    i.HAL_TIM_ConfigClockSource              0x08001958   Section        0  stm32f1xx_hal_tim.o(i.HAL_TIM_ConfigClockSource)
    i.HAL_TIM_ErrorCallback                  0x08001a64   Section        0  stm32f1xx_hal_tim.o(i.HAL_TIM_ErrorCallback)
    i.HAL_TIM_MspPostInit                    0x08001a68   Section        0  tim.o(i.HAL_TIM_MspPostInit)
    i.HAL_TIM_PWM_ConfigChannel              0x08001abc   Section        0  stm32f1xx_hal_tim.o(i.HAL_TIM_PWM_ConfigChannel)
    i.HAL_TIM_PWM_Init                       0x08001bc0   Section        0  stm32f1xx_hal_tim.o(i.HAL_TIM_PWM_Init)
    i.HAL_TIM_PWM_MspInit                    0x08001c26   Section        0  stm32f1xx_hal_tim.o(i.HAL_TIM_PWM_MspInit)
    i.HAL_TIM_PWM_PulseFinishedCallback      0x08001c28   Section        0  ws2812.o(i.HAL_TIM_PWM_PulseFinishedCallback)
    i.HAL_TIM_PWM_PulseFinishedHalfCpltCallback 0x08001c48   Section        0  stm32f1xx_hal_tim.o(i.HAL_TIM_PWM_PulseFinishedHalfCpltCallback)
    i.HAL_TIM_PWM_Start_DMA                  0x08001c4c   Section        0  stm32f1xx_hal_tim.o(i.HAL_TIM_PWM_Start_DMA)
    i.HAL_TIM_PWM_Stop_DMA                   0x08001e60   Section        0  stm32f1xx_hal_tim.o(i.HAL_TIM_PWM_Stop_DMA)
    i.HAL_UARTEx_RxEventCallback             0x08001f68   Section        0  stm32f1xx_hal_uart.o(i.HAL_UARTEx_RxEventCallback)
    i.HAL_UART_ErrorCallback                 0x08001f6a   Section        0  stm32f1xx_hal_uart.o(i.HAL_UART_ErrorCallback)
    i.HAL_UART_IRQHandler                    0x08001f6c   Section        0  stm32f1xx_hal_uart.o(i.HAL_UART_IRQHandler)
    i.HAL_UART_Init                          0x08002250   Section        0  stm32f1xx_hal_uart.o(i.HAL_UART_Init)
    i.HAL_UART_MspInit                       0x080022c8   Section        0  usart.o(i.HAL_UART_MspInit)
    i.HAL_UART_Receive_IT                    0x080023dc   Section        0  stm32f1xx_hal_uart.o(i.HAL_UART_Receive_IT)
    i.HAL_UART_RxCpltCallback                0x08002408   Section        0  usart.o(i.HAL_UART_RxCpltCallback)
    i.HAL_UART_Transmit                      0x08002438   Section        0  stm32f1xx_hal_uart.o(i.HAL_UART_Transmit)
    i.HAL_UART_TxCpltCallback                0x080024f6   Section        0  stm32f1xx_hal_uart.o(i.HAL_UART_TxCpltCallback)
    i.HardFault_Handler                      0x080024f8   Section        0  stm32f1xx_it.o(i.HardFault_Handler)
    i.InitQueue                              0x080024fc   Section        0  msg_que.o(i.InitQueue)
    i.InitRingFIFO                           0x08002510   Section        0  ring.o(i.InitRingFIFO)
    i.IsEmptyQueue                           0x08002524   Section        0  msg_que.o(i.IsEmptyQueue)
    i.IsEmptyRingFIFO                        0x08002536   Section        0  ring.o(i.IsEmptyRingFIFO)
    i.IsFullQueue                            0x08002548   Section        0  msg_que.o(i.IsFullQueue)
    i.IsFullRingFIFO                         0x08002566   Section        0  ring.o(i.IsFullRingFIFO)
    i.MX_DMA_Init                            0x08002588   Section        0  dma.o(i.MX_DMA_Init)
    i.MX_GPIO_Init                           0x080025bc   Section        0  gpio.o(i.MX_GPIO_Init)
    i.MX_TIM2_Init                           0x0800264c   Section        0  tim.o(i.MX_TIM2_Init)
    i.MX_USART1_UART_Init                    0x080026f0   Section        0  usart.o(i.MX_USART1_UART_Init)
    i.MX_USART2_UART_Init                    0x08002728   Section        0  usart.o(i.MX_USART2_UART_Init)
    i.MemManage_Handler                      0x0800276c   Section        0  stm32f1xx_it.o(i.MemManage_Handler)
    i.NMI_Handler                            0x08002770   Section        0  stm32f1xx_it.o(i.NMI_Handler)
    i.OutQueue                               0x08002774   Section        0  msg_que.o(i.OutQueue)
    i.OutRingFIFO                            0x080027a4   Section        0  ring.o(i.OutRingFIFO)
    i.PendSV_Handler                         0x080027d4   Section        0  stm32f1xx_it.o(i.PendSV_Handler)
    i.RCC_Delay                              0x080027d8   Section        0  stm32f1xx_hal_rcc.o(i.RCC_Delay)
    RCC_Delay                                0x080027d9   Thumb Code    36  stm32f1xx_hal_rcc.o(i.RCC_Delay)
    i.RGB_Color                              0x08002800   Section        0  ws2812.o(i.RGB_Color)
    i.SVC_Handler                            0x080028ac   Section        0  stm32f1xx_it.o(i.SVC_Handler)
    i.SysTick_Handler                        0x080028ae   Section        0  stm32f1xx_it.o(i.SysTick_Handler)
    i.SystemClock_Config                     0x080028ba   Section        0  main.o(i.SystemClock_Config)
    i.SystemInit                             0x08002920   Section        0  system_stm32f1xx.o(i.SystemInit)
    i.TIM_Base_SetConfig                     0x08002924   Section        0  stm32f1xx_hal_tim.o(i.TIM_Base_SetConfig)
    i.TIM_CCxChannelCmd                      0x080029a8   Section        0  stm32f1xx_hal_tim.o(i.TIM_CCxChannelCmd)
    i.TIM_DMADelayPulseCplt                  0x080029ca   Section        0  stm32f1xx_hal_tim.o(i.TIM_DMADelayPulseCplt)
    TIM_DMADelayPulseCplt                    0x080029cb   Thumb Code   104  stm32f1xx_hal_tim.o(i.TIM_DMADelayPulseCplt)
    i.TIM_DMADelayPulseHalfCplt              0x08002a32   Section        0  stm32f1xx_hal_tim.o(i.TIM_DMADelayPulseHalfCplt)
    i.TIM_DMAError                           0x08002a72   Section        0  stm32f1xx_hal_tim.o(i.TIM_DMAError)
    i.TIM_ETR_SetConfig                      0x08002ad0   Section        0  stm32f1xx_hal_tim.o(i.TIM_ETR_SetConfig)
    i.TIM_ITRx_SetConfig                     0x08002ae6   Section        0  stm32f1xx_hal_tim.o(i.TIM_ITRx_SetConfig)
    TIM_ITRx_SetConfig                       0x08002ae7   Thumb Code    18  stm32f1xx_hal_tim.o(i.TIM_ITRx_SetConfig)
    i.TIM_OC1_SetConfig                      0x08002af8   Section        0  stm32f1xx_hal_tim.o(i.TIM_OC1_SetConfig)
    TIM_OC1_SetConfig                        0x08002af9   Thumb Code    90  stm32f1xx_hal_tim.o(i.TIM_OC1_SetConfig)
    i.TIM_OC2_SetConfig                      0x08002b58   Section        0  stm32f1xx_hal_tim.o(i.TIM_OC2_SetConfig)
    i.TIM_OC3_SetConfig                      0x08002bc0   Section        0  stm32f1xx_hal_tim.o(i.TIM_OC3_SetConfig)
    TIM_OC3_SetConfig                        0x08002bc1   Thumb Code    98  stm32f1xx_hal_tim.o(i.TIM_OC3_SetConfig)
    i.TIM_OC4_SetConfig                      0x08002c28   Section        0  stm32f1xx_hal_tim.o(i.TIM_OC4_SetConfig)
    TIM_OC4_SetConfig                        0x08002c29   Thumb Code    68  stm32f1xx_hal_tim.o(i.TIM_OC4_SetConfig)
    i.TIM_TI1_ConfigInputStage               0x08002c70   Section        0  stm32f1xx_hal_tim.o(i.TIM_TI1_ConfigInputStage)
    TIM_TI1_ConfigInputStage                 0x08002c71   Thumb Code    38  stm32f1xx_hal_tim.o(i.TIM_TI1_ConfigInputStage)
    i.TIM_TI2_ConfigInputStage               0x08002c96   Section        0  stm32f1xx_hal_tim.o(i.TIM_TI2_ConfigInputStage)
    TIM_TI2_ConfigInputStage                 0x08002c97   Thumb Code    40  stm32f1xx_hal_tim.o(i.TIM_TI2_ConfigInputStage)
    i.UART_DMAAbortOnError                   0x08002cbe   Section        0  stm32f1xx_hal_uart.o(i.UART_DMAAbortOnError)
    UART_DMAAbortOnError                     0x08002cbf   Thumb Code    20  stm32f1xx_hal_uart.o(i.UART_DMAAbortOnError)
    i.UART_EndRxTransfer                     0x08002cd2   Section        0  stm32f1xx_hal_uart.o(i.UART_EndRxTransfer)
    UART_EndRxTransfer                       0x08002cd3   Thumb Code   108  stm32f1xx_hal_uart.o(i.UART_EndRxTransfer)
    i.UART_EndTransmit_IT                    0x08002d3e   Section        0  stm32f1xx_hal_uart.o(i.UART_EndTransmit_IT)
    UART_EndTransmit_IT                      0x08002d3f   Thumb Code    32  stm32f1xx_hal_uart.o(i.UART_EndTransmit_IT)
    i.UART_Receive_IT                        0x08002d5e   Section        0  stm32f1xx_hal_uart.o(i.UART_Receive_IT)
    UART_Receive_IT                          0x08002d5f   Thumb Code   252  stm32f1xx_hal_uart.o(i.UART_Receive_IT)
    i.UART_SetConfig                         0x08002e5c   Section        0  stm32f1xx_hal_uart.o(i.UART_SetConfig)
    UART_SetConfig                           0x08002e5d   Thumb Code   248  stm32f1xx_hal_uart.o(i.UART_SetConfig)
    i.UART_Start_Receive_IT                  0x08002f58   Section        0  stm32f1xx_hal_uart.o(i.UART_Start_Receive_IT)
    i.UART_Transmit_IT                       0x08002f98   Section        0  stm32f1xx_hal_uart.o(i.UART_Transmit_IT)
    UART_Transmit_IT                         0x08002f99   Thumb Code    96  stm32f1xx_hal_uart.o(i.UART_Transmit_IT)
    i.UART_WaitOnFlagUntilTimeout            0x08002ff8   Section        0  stm32f1xx_hal_uart.o(i.UART_WaitOnFlagUntilTimeout)
    UART_WaitOnFlagUntilTimeout              0x08002ff9   Thumb Code   140  stm32f1xx_hal_uart.o(i.UART_WaitOnFlagUntilTimeout)
    i.USART1_IRQHandler                      0x08003084   Section        0  stm32f1xx_it.o(i.USART1_IRQHandler)
    i.USART2_IRQHandler                      0x08003094   Section        0  stm32f1xx_it.o(i.USART2_IRQHandler)
    i.UsageFault_Handler                     0x080030a4   Section        0  stm32f1xx_it.o(i.UsageFault_Handler)
    i.__0printf$8                            0x080030a8   Section        0  printf8.o(i.__0printf$8)
    i.__NVIC_GetPriorityGrouping             0x080030c8   Section        0  stm32f1xx_hal_cortex.o(i.__NVIC_GetPriorityGrouping)
    __NVIC_GetPriorityGrouping               0x080030c9   Thumb Code    10  stm32f1xx_hal_cortex.o(i.__NVIC_GetPriorityGrouping)
    i.__NVIC_SetPriority                     0x080030d8   Section        0  stm32f1xx_hal_cortex.o(i.__NVIC_SetPriority)
    __NVIC_SetPriority                       0x080030d9   Thumb Code    32  stm32f1xx_hal_cortex.o(i.__NVIC_SetPriority)
    i.__scatterload_copy                     0x08003100   Section       14  handlers.o(i.__scatterload_copy)
    i.__scatterload_null                     0x0800310e   Section        2  handlers.o(i.__scatterload_null)
    i.__scatterload_zeroinit                 0x08003110   Section       14  handlers.o(i.__scatterload_zeroinit)
    i._printf_core                           0x08003120   Section        0  printf8.o(i._printf_core)
    _printf_core                             0x08003121   Thumb Code   984  printf8.o(i._printf_core)
    i._printf_post_padding                   0x08003524   Section        0  printf8.o(i._printf_post_padding)
    _printf_post_padding                     0x08003525   Thumb Code    36  printf8.o(i._printf_post_padding)
    i._printf_pre_padding                    0x08003548   Section        0  printf8.o(i._printf_pre_padding)
    _printf_pre_padding                      0x08003549   Thumb Code    46  printf8.o(i._printf_pre_padding)
    i.app_cmd_8000                           0x08003578   Section        0  com_manage.o(i.app_cmd_8000)
    i.app_cmd_ff01                           0x080035f4   Section        0  com_manage.o(i.app_cmd_ff01)
    i.app_led_cw_brightness_get              0x0800373c   Section        0  led.o(i.app_led_cw_brightness_get)
    i.app_led_cw_brightness_set              0x08003750   Section        0  led.o(i.app_led_cw_brightness_set)
    i.app_led_turn_off                       0x080037f0   Section        0  led.o(i.app_led_turn_off)
    i.app_led_turn_on                        0x08003850   Section        0  led.o(i.app_led_turn_on)
    i.com_cw_report                          0x080038f0   Section        0  com_manage.o(i.com_cw_report)
    i.com_message_frame_packet               0x0800396c   Section        0  com_manage.o(i.com_message_frame_packet)
    i.com_message_post                       0x080039e0   Section        0  com_manage.o(i.com_message_post)
    i.com_message_send_with_shortaddr        0x08003a2a   Section        0  com_manage.o(i.com_message_send_with_shortaddr)
    i.com_mq_init                            0x08003a88   Section        0  com_manage.o(i.com_mq_init)
    i.com_oam_task                           0x08003aa4   Section        0  com_manage.o(i.com_oam_task)
    i.com_rx_message_analy                   0x08003af4   Section        0  com_manage.o(i.com_rx_message_analy)
    i.com_rx_task_10ms                       0x08003b88   Section        0  com_manage.o(i.com_rx_task_10ms)
    i.com_tx_task_10ms                       0x08003c8c   Section        0  com_manage.o(i.com_tx_task_10ms)
    i.com_uart_recv_process                  0x08003d60   Section        0  com_manage.o(i.com_uart_recv_process)
    i.crc8Calculate                          0x08003dd0   Section        0  com_manage.o(i.crc8Calculate)
    i.fputc                                  0x08003df8   Section        0  debug.o(i.fputc)
    i.free                                   0x08003e14   Section        0  malloc.o(i.free)
    i.get_be_word                            0x08003e64   Section        0  le_be.o(i.get_be_word)
    i.led_cw_brightness_set                  0x08003e76   Section        0  led.o(i.led_cw_brightness_set)
    i.led_cw_dimmer_task                     0x08003e80   Section        0  led.o(i.led_cw_dimmer_task)
    i.led_get_on_off_status                  0x08003fb4   Section        0  led.o(i.led_get_on_off_status)
    i.led_target_duty_cal                    0x08003fc0   Section        0  led.o(i.led_target_duty_cal)
    i.led_user_test                          0x08004070   Section        0  led.o(i.led_user_test)
    i.main                                   0x08004084   Section        0  main.o(i.main)
    i.malloc                                 0x080040a8   Section        0  malloc.o(i.malloc)
    i.os_start                               0x08004114   Section        0  picos.o(i.os_start)
    i.os_time_tick                           0x08004198   Section        0  picos.o(i.os_time_tick)
    i.rgb_black_all                          0x080041a8   Section        0  ws2812.o(i.rgb_black_all)
    i.rgb_color_all_set                      0x080041c4   Section        0  ws2812.o(i.rgb_color_all_set)
    i.ring_fifo_init                         0x080041dc   Section        0  ring.o(i.ring_fifo_init)
    i.ring_fifo_read                         0x080041f4   Section        0  ring.o(i.ring_fifo_read)
    i.ring_fifo_write                        0x0800424c   Section        0  ring.o(i.ring_fifo_write)
    i.round                                  0x080042a4   Section        0  round.o(i.round)
    i.set_be_word                            0x08004338   Section        0  le_be.o(i.set_be_word)
    i.ws2812_init                            0x08004340   Section        0  ws2812.o(i.ws2812_init)
    i.ws2812_update_display                  0x080043e0   Section        0  ws2812.o(i.ws2812_update_display)
    .constdata                               0x08004410   Section       18  stm32f1xx_hal_rcc.o(.constdata)
    aPLLMULFactorTable                       0x08004410   Data          16  stm32f1xx_hal_rcc.o(.constdata)
    aPredivFactorTable                       0x08004420   Data           2  stm32f1xx_hal_rcc.o(.constdata)
    .constdata                               0x08004422   Section       24  system_stm32f1xx.o(.constdata)
    .constdata                               0x0800443c   Section      163  led.o(.constdata)
    __func__                                 0x08004490   Data          17  led.o(.constdata)
    __func__                                 0x080044a1   Data          16  led.o(.constdata)
    __func__                                 0x080044b1   Data          26  led.o(.constdata)
    .constdata                               0x080044df   Section       47  com_manage.o(.constdata)
    __func__                                 0x080044df   Data          13  com_manage.o(.constdata)
    __func__                                 0x080044ec   Data          13  com_manage.o(.constdata)
    __func__                                 0x080044f9   Data          21  com_manage.o(.constdata)
    .data                                    0x20000000   Section        1  usart.o(.data)
    .data                                    0x20000004   Section        9  stm32f1xx_hal.o(.data)
    .data                                    0x20000010   Section        4  system_stm32f1xx.o(.data)
    .data                                    0x20000014   Section        5  ws2812.o(.data)
    .data                                    0x2000001c   Section       25  led.o(.data)
    init_f                                   0x20000030   Data           4  led.o(.data)
    on_off_cmd                               0x20000034   Data           1  led.o(.data)
    .data                                    0x20000038   Section       65  picos.o(.data)
    os_system_tick                           0x20000038   Data           4  picos.o(.data)
    Op                                       0x2000003c   Data          60  picos.o(.data)
    index                                    0x20000078   Data           1  picos.o(.data)
    .data                                    0x2000007c   Section       28  com_manage.o(.data)
    com_init                                 0x2000007c   Data           1  com_manage.o(.data)
    sg_seq                                   0x2000007d   Data           1  com_manage.o(.data)
    .data                                    0x20000098   Section        4  stdout.o(.data)
    .data                                    0x2000009c   Section        4  mvars.o(.data)
    .data                                    0x200000a0   Section        4  mvars.o(.data)
    .bss                                     0x200000a4   Section      140  tim.o(.bss)
    .bss                                     0x20000130   Section      144  usart.o(.bss)
    .bss                                     0x200001c0   Section      132  ring.o(.bss)
    ring0_fifo_hd                            0x200001c0   Data          66  ring.o(.bss)
    ring1_fifo_hd                            0x20000202   Data          66  ring.o(.bss)
    .bss                                     0x20000244   Section      220  com_manage.o(.bss)
    uart_rx_hd                               0x20000244   Data          66  com_manage.o(.bss)
    rx_data                                  0x20000286   Data          64  com_manage.o(.bss)
    HEAP                                     0x20000320   Section    12288  startup_stm32f103xb.o(HEAP)
    STACK                                    0x20003320   Section     1024  startup_stm32f103xb.o(STACK)

    Global Symbols

    Symbol Name                              Value     Ov Type        Size  Object(Section)

    BuildAttributes$$THM_ISAv4$P$D$K$B$S$PE$A:L22UL41UL21$X:L11$S22US41US21$IEEE1$IW$USESV6$~STKCKD$USESV7$~SHL$OTIME$ROPI$IEEEJ$EBA8$MICROLIB$REQ8$PRES8$EABIv2 0x00000000   Number         0  anon$$obj.o ABSOLUTE
    __ARM_use_no_argv                        0x00000000   Number         0  main.o ABSOLUTE
    _printf_a                                0x00000000   Number         0  stubs.o ABSOLUTE
    _printf_c                                0x00000000   Number         0  stubs.o ABSOLUTE
    _printf_charcount                        0x00000000   Number         0  stubs.o ABSOLUTE
    _printf_d                                0x00000000   Number         0  stubs.o ABSOLUTE
    _printf_e                                0x00000000   Number         0  stubs.o ABSOLUTE
    _printf_f                                0x00000000   Number         0  stubs.o ABSOLUTE
    _printf_flags                            0x00000000   Number         0  stubs.o ABSOLUTE
    _printf_fp_dec                           0x00000000   Number         0  stubs.o ABSOLUTE
    _printf_fp_hex                           0x00000000   Number         0  stubs.o ABSOLUTE
    _printf_g                                0x00000000   Number         0  stubs.o ABSOLUTE
    _printf_i                                0x00000000   Number         0  stubs.o ABSOLUTE
    _printf_int_dec                          0x00000000   Number         0  stubs.o ABSOLUTE
    _printf_l                                0x00000000   Number         0  stubs.o ABSOLUTE
    _printf_lc                               0x00000000   Number         0  stubs.o ABSOLUTE
    _printf_ll                               0x00000000   Number         0  stubs.o ABSOLUTE
    _printf_lld                              0x00000000   Number         0  stubs.o ABSOLUTE
    _printf_lli                              0x00000000   Number         0  stubs.o ABSOLUTE
    _printf_llo                              0x00000000   Number         0  stubs.o ABSOLUTE
    _printf_llu                              0x00000000   Number         0  stubs.o ABSOLUTE
    _printf_llx                              0x00000000   Number         0  stubs.o ABSOLUTE
    _printf_longlong_dec                     0x00000000   Number         0  stubs.o ABSOLUTE
    _printf_longlong_hex                     0x00000000   Number         0  stubs.o ABSOLUTE
    _printf_longlong_oct                     0x00000000   Number         0  stubs.o ABSOLUTE
    _printf_ls                               0x00000000   Number         0  stubs.o ABSOLUTE
    _printf_mbtowc                           0x00000000   Number         0  stubs.o ABSOLUTE
    _printf_n                                0x00000000   Number         0  stubs.o ABSOLUTE
    _printf_o                                0x00000000   Number         0  stubs.o ABSOLUTE
    _printf_p                                0x00000000   Number         0  stubs.o ABSOLUTE
    _printf_percent                          0x00000000   Number         0  stubs.o ABSOLUTE
    _printf_pre_padding                      0x00000000   Number         0  stubs.o ABSOLUTE
    _printf_return_value                     0x00000000   Number         0  stubs.o ABSOLUTE
    _printf_s                                0x00000000   Number         0  stubs.o ABSOLUTE
    _printf_sizespec                         0x00000000   Number         0  stubs.o ABSOLUTE
    _printf_str                              0x00000000   Number         0  stubs.o ABSOLUTE
    _printf_truncate_signed                  0x00000000   Number         0  stubs.o ABSOLUTE
    _printf_truncate_unsigned                0x00000000   Number         0  stubs.o ABSOLUTE
    _printf_u                                0x00000000   Number         0  stubs.o ABSOLUTE
    _printf_wc                               0x00000000   Number         0  stubs.o ABSOLUTE
    _printf_wctomb                           0x00000000   Number         0  stubs.o ABSOLUTE
    _printf_widthprec                        0x00000000   Number         0  stubs.o ABSOLUTE
    _printf_x                                0x00000000   Number         0  stubs.o ABSOLUTE
    __arm_fini_                               - Undefined Weak Reference
    __cpp_initialize__aeabi_                  - Undefined Weak Reference
    __cxa_finalize                            - Undefined Weak Reference
    __decompress                              - Undefined Weak Reference
    _clock_init                               - Undefined Weak Reference
    _microlib_exit                            - Undefined Weak Reference
    __Vectors_Size                           0x000000ec   Number         0  startup_stm32f103xb.o ABSOLUTE
    __Vectors                                0x08000000   Data           4  startup_stm32f103xb.o(RESET)
    __Vectors_End                            0x080000ec   Data           0  startup_stm32f103xb.o(RESET)
    __main                                   0x080000ed   Thumb Code     0  entry.o(.ARM.Collect$$$$00000000)
    _main_stk                                0x080000ed   Thumb Code     0  entry2.o(.ARM.Collect$$$$00000001)
    _main_scatterload                        0x080000f1   Thumb Code     0  entry5.o(.ARM.Collect$$$$00000004)
    __main_after_scatterload                 0x080000f5   Thumb Code     0  entry5.o(.ARM.Collect$$$$00000004)
    _main_clock                              0x080000f5   Thumb Code     0  entry7b.o(.ARM.Collect$$$$00000008)
    _main_cpp_init                           0x080000f5   Thumb Code     0  entry8b.o(.ARM.Collect$$$$0000000A)
    _main_init                               0x080000f5   Thumb Code     0  entry9a.o(.ARM.Collect$$$$0000000B)
    __rt_lib_shutdown_fini                   0x080000fd   Thumb Code     0  entry12b.o(.ARM.Collect$$$$0000000E)
    __rt_final_cpp                           0x08000101   Thumb Code     0  entry10a.o(.ARM.Collect$$$$0000000F)
    __rt_final_exit                          0x08000101   Thumb Code     0  entry11a.o(.ARM.Collect$$$$00000011)
    Reset_Handler                            0x08000105   Thumb Code     8  startup_stm32f103xb.o(.text)
    ADC1_2_IRQHandler                        0x0800011f   Thumb Code     0  startup_stm32f103xb.o(.text)
    CAN1_RX1_IRQHandler                      0x0800011f   Thumb Code     0  startup_stm32f103xb.o(.text)
    CAN1_SCE_IRQHandler                      0x0800011f   Thumb Code     0  startup_stm32f103xb.o(.text)
    DMA1_Channel1_IRQHandler                 0x0800011f   Thumb Code     0  startup_stm32f103xb.o(.text)
    DMA1_Channel2_IRQHandler                 0x0800011f   Thumb Code     0  startup_stm32f103xb.o(.text)
    DMA1_Channel3_IRQHandler                 0x0800011f   Thumb Code     0  startup_stm32f103xb.o(.text)
    DMA1_Channel4_IRQHandler                 0x0800011f   Thumb Code     0  startup_stm32f103xb.o(.text)
    DMA1_Channel6_IRQHandler                 0x0800011f   Thumb Code     0  startup_stm32f103xb.o(.text)
    DMA1_Channel7_IRQHandler                 0x0800011f   Thumb Code     0  startup_stm32f103xb.o(.text)
    EXTI0_IRQHandler                         0x0800011f   Thumb Code     0  startup_stm32f103xb.o(.text)
    EXTI15_10_IRQHandler                     0x0800011f   Thumb Code     0  startup_stm32f103xb.o(.text)
    EXTI1_IRQHandler                         0x0800011f   Thumb Code     0  startup_stm32f103xb.o(.text)
    EXTI2_IRQHandler                         0x0800011f   Thumb Code     0  startup_stm32f103xb.o(.text)
    EXTI3_IRQHandler                         0x0800011f   Thumb Code     0  startup_stm32f103xb.o(.text)
    EXTI4_IRQHandler                         0x0800011f   Thumb Code     0  startup_stm32f103xb.o(.text)
    EXTI9_5_IRQHandler                       0x0800011f   Thumb Code     0  startup_stm32f103xb.o(.text)
    FLASH_IRQHandler                         0x0800011f   Thumb Code     0  startup_stm32f103xb.o(.text)
    I2C1_ER_IRQHandler                       0x0800011f   Thumb Code     0  startup_stm32f103xb.o(.text)
    I2C1_EV_IRQHandler                       0x0800011f   Thumb Code     0  startup_stm32f103xb.o(.text)
    I2C2_ER_IRQHandler                       0x0800011f   Thumb Code     0  startup_stm32f103xb.o(.text)
    I2C2_EV_IRQHandler                       0x0800011f   Thumb Code     0  startup_stm32f103xb.o(.text)
    PVD_IRQHandler                           0x0800011f   Thumb Code     0  startup_stm32f103xb.o(.text)
    RCC_IRQHandler                           0x0800011f   Thumb Code     0  startup_stm32f103xb.o(.text)
    RTC_Alarm_IRQHandler                     0x0800011f   Thumb Code     0  startup_stm32f103xb.o(.text)
    RTC_IRQHandler                           0x0800011f   Thumb Code     0  startup_stm32f103xb.o(.text)
    SPI1_IRQHandler                          0x0800011f   Thumb Code     0  startup_stm32f103xb.o(.text)
    SPI2_IRQHandler                          0x0800011f   Thumb Code     0  startup_stm32f103xb.o(.text)
    TAMPER_IRQHandler                        0x0800011f   Thumb Code     0  startup_stm32f103xb.o(.text)
    TIM1_BRK_IRQHandler                      0x0800011f   Thumb Code     0  startup_stm32f103xb.o(.text)
    TIM1_CC_IRQHandler                       0x0800011f   Thumb Code     0  startup_stm32f103xb.o(.text)
    TIM1_TRG_COM_IRQHandler                  0x0800011f   Thumb Code     0  startup_stm32f103xb.o(.text)
    TIM1_UP_IRQHandler                       0x0800011f   Thumb Code     0  startup_stm32f103xb.o(.text)
    TIM2_IRQHandler                          0x0800011f   Thumb Code     0  startup_stm32f103xb.o(.text)
    TIM3_IRQHandler                          0x0800011f   Thumb Code     0  startup_stm32f103xb.o(.text)
    TIM4_IRQHandler                          0x0800011f   Thumb Code     0  startup_stm32f103xb.o(.text)
    USART3_IRQHandler                        0x0800011f   Thumb Code     0  startup_stm32f103xb.o(.text)
    USBWakeUp_IRQHandler                     0x0800011f   Thumb Code     0  startup_stm32f103xb.o(.text)
    USB_HP_CAN1_TX_IRQHandler                0x0800011f   Thumb Code     0  startup_stm32f103xb.o(.text)
    USB_LP_CAN1_RX0_IRQHandler               0x0800011f   Thumb Code     0  startup_stm32f103xb.o(.text)
    WWDG_IRQHandler                          0x0800011f   Thumb Code     0  startup_stm32f103xb.o(.text)
    __aeabi_llsr                             0x08000129   Thumb Code    32  llushr.o(.text)
    _ll_ushift_r                             0x08000129   Thumb Code     0  llushr.o(.text)
    __aeabi_memcpy                           0x08000149   Thumb Code    36  memcpya.o(.text)
    __aeabi_memcpy4                          0x08000149   Thumb Code     0  memcpya.o(.text)
    __aeabi_memcpy8                          0x08000149   Thumb Code     0  memcpya.o(.text)
    __aeabi_memset                           0x0800016d   Thumb Code    14  memseta.o(.text)
    __aeabi_memset4                          0x0800016d   Thumb Code     0  memseta.o(.text)
    __aeabi_memset8                          0x0800016d   Thumb Code     0  memseta.o(.text)
    __aeabi_memclr                           0x0800017b   Thumb Code     4  memseta.o(.text)
    __aeabi_memclr4                          0x0800017b   Thumb Code     0  memseta.o(.text)
    __aeabi_memclr8                          0x0800017b   Thumb Code     0  memseta.o(.text)
    _memset$wrapper                          0x0800017f   Thumb Code    18  memseta.o(.text)
    __aeabi_fadd                             0x08000191   Thumb Code   164  fadd.o(.text)
    __aeabi_fsub                             0x08000235   Thumb Code     6  fadd.o(.text)
    __aeabi_frsub                            0x0800023b   Thumb Code     6  fadd.o(.text)
    __aeabi_fmul                             0x08000241   Thumb Code   100  fmul.o(.text)
    __aeabi_fdiv                             0x080002a5   Thumb Code   124  fdiv.o(.text)
    __aeabi_i2f                              0x08000321   Thumb Code    18  fflti.o(.text)
    __aeabi_d2uiz                            0x08000333   Thumb Code    50  dfixui.o(.text)
    __aeabi_f2d                              0x08000365   Thumb Code    38  f2d.o(.text)
    __aeabi_uldivmod                         0x0800038b   Thumb Code    98  uldiv.o(.text)
    __I$use$fp                               0x080003ed   Thumb Code     0  iusefp.o(.text)
    _float_round                             0x080003ed   Thumb Code    18  fepilogue.o(.text)
    _float_epilogue                          0x080003ff   Thumb Code    92  fepilogue.o(.text)
    __aeabi_dadd                             0x0800045b   Thumb Code   322  dadd.o(.text)
    __aeabi_dsub                             0x0800059d   Thumb Code     6  dadd.o(.text)
    __aeabi_drsub                            0x080005a3   Thumb Code     6  dadd.o(.text)
    _drnd                                    0x080005a9   Thumb Code   132  drnd.o(.text)
    __aeabi_cdcmpeq                          0x08000631   Thumb Code     0  cdcmple.o(.text)
    __aeabi_cdcmple                          0x08000631   Thumb Code    48  cdcmple.o(.text)
    __aeabi_cdrcmple                         0x08000661   Thumb Code    48  cdrcmple.o(.text)
    __scatterload                            0x08000691   Thumb Code    28  init.o(.text)
    __scatterload_rt2                        0x08000691   Thumb Code     0  init.o(.text)
    __aeabi_llsl                             0x080006b5   Thumb Code    30  llshl.o(.text)
    _ll_shift_l                              0x080006b5   Thumb Code     0  llshl.o(.text)
    __aeabi_lasr                             0x080006d3   Thumb Code    36  llsshr.o(.text)
    _ll_sshift_r                             0x080006d3   Thumb Code     0  llsshr.o(.text)
    _double_round                            0x080006f7   Thumb Code    30  depilogue.o(.text)
    _double_epilogue                         0x08000715   Thumb Code   156  depilogue.o(.text)
    BusFault_Handler                         0x080007b1   Thumb Code     4  stm32f1xx_it.o(i.BusFault_Handler)
    DMA1_Channel5_IRQHandler                 0x080007b5   Thumb Code    10  stm32f1xx_it.o(i.DMA1_Channel5_IRQHandler)
    DebugMon_Handler                         0x080007f1   Thumb Code     2  stm32f1xx_it.o(i.DebugMon_Handler)
    EnterQueue                               0x080007f3   Thumb Code    48  msg_que.o(i.EnterQueue)
    EnterRingFIFO                            0x08000823   Thumb Code    48  ring.o(i.EnterRingFIFO)
    Error_Handler                            0x08000853   Thumb Code     6  main.o(i.Error_Handler)
    HAL_DMA_Abort                            0x08000859   Thumb Code    86  stm32f1xx_hal_dma.o(i.HAL_DMA_Abort)
    HAL_DMA_Abort_IT                         0x080008b1   Thumb Code   172  stm32f1xx_hal_dma.o(i.HAL_DMA_Abort_IT)
    HAL_DMA_IRQHandler                       0x08000961   Thumb Code   408  stm32f1xx_hal_dma.o(i.HAL_DMA_IRQHandler)
    HAL_DMA_Init                             0x08000afd   Thumb Code   100  stm32f1xx_hal_dma.o(i.HAL_DMA_Init)
    HAL_DMA_Start_IT                         0x08000b65   Thumb Code   156  stm32f1xx_hal_dma.o(i.HAL_DMA_Start_IT)
    HAL_Delay                                0x08000c01   Thumb Code    36  stm32f1xx_hal.o(i.HAL_Delay)
    HAL_GPIO_Init                            0x08000c29   Thumb Code   766  stm32f1xx_hal_gpio.o(i.HAL_GPIO_Init)
    HAL_GPIO_TogglePin                       0x08000f49   Thumb Code    20  stm32f1xx_hal_gpio.o(i.HAL_GPIO_TogglePin)
    HAL_GPIO_WritePin                        0x08000f5d   Thumb Code    12  stm32f1xx_hal_gpio.o(i.HAL_GPIO_WritePin)
    HAL_GetTick                              0x08000f69   Thumb Code     6  stm32f1xx_hal.o(i.HAL_GetTick)
    HAL_IncTick                              0x08000f75   Thumb Code    16  stm32f1xx_hal.o(i.HAL_IncTick)
    HAL_Init                                 0x08000f8d   Thumb Code    34  stm32f1xx_hal.o(i.HAL_Init)
    HAL_InitTick                             0x08000fb5   Thumb Code    64  stm32f1xx_hal.o(i.HAL_InitTick)
    HAL_MspInit                              0x08001001   Thumb Code    76  stm32f1xx_hal_msp.o(i.HAL_MspInit)
    HAL_NVIC_EnableIRQ                       0x08001055   Thumb Code    32  stm32f1xx_hal_cortex.o(i.HAL_NVIC_EnableIRQ)
    HAL_NVIC_SetPriority                     0x08001075   Thumb Code   124  stm32f1xx_hal_cortex.o(i.HAL_NVIC_SetPriority)
    HAL_NVIC_SetPriorityGrouping             0x080010f1   Thumb Code    32  stm32f1xx_hal_cortex.o(i.HAL_NVIC_SetPriorityGrouping)
    HAL_RCC_ClockConfig                      0x08001119   Thumb Code   376  stm32f1xx_hal_rcc.o(i.HAL_RCC_ClockConfig)
    HAL_RCC_GetHCLKFreq                      0x080012a5   Thumb Code     6  stm32f1xx_hal_rcc.o(i.HAL_RCC_GetHCLKFreq)
    HAL_RCC_GetPCLK1Freq                     0x080012b1   Thumb Code    22  stm32f1xx_hal_rcc.o(i.HAL_RCC_GetPCLK1Freq)
    HAL_RCC_GetPCLK2Freq                     0x080012d1   Thumb Code    22  stm32f1xx_hal_rcc.o(i.HAL_RCC_GetPCLK2Freq)
    HAL_RCC_GetSysClockFreq                  0x080012f1   Thumb Code    92  stm32f1xx_hal_rcc.o(i.HAL_RCC_GetSysClockFreq)
    HAL_RCC_OscConfig                        0x08001361   Thumb Code  1114  stm32f1xx_hal_rcc.o(i.HAL_RCC_OscConfig)
    HAL_SYSTICK_Config                       0x080017c5   Thumb Code    52  stm32f1xx_hal_cortex.o(i.HAL_SYSTICK_Config)
    HAL_TIMEx_MasterConfigSynchronization    0x080017f9   Thumb Code   118  stm32f1xx_hal_tim_ex.o(i.HAL_TIMEx_MasterConfigSynchronization)
    HAL_TIM_Base_Init                        0x0800187d   Thumb Code   102  stm32f1xx_hal_tim.o(i.HAL_TIM_Base_Init)
    HAL_TIM_Base_MspInit                     0x080018e5   Thumb Code   102  tim.o(i.HAL_TIM_Base_MspInit)
    HAL_TIM_ConfigClockSource                0x08001959   Thumb Code   268  stm32f1xx_hal_tim.o(i.HAL_TIM_ConfigClockSource)
    HAL_TIM_ErrorCallback                    0x08001a65   Thumb Code     2  stm32f1xx_hal_tim.o(i.HAL_TIM_ErrorCallback)
    HAL_TIM_MspPostInit                      0x08001a69   Thumb Code    74  tim.o(i.HAL_TIM_MspPostInit)
    HAL_TIM_PWM_ConfigChannel                0x08001abd   Thumb Code   260  stm32f1xx_hal_tim.o(i.HAL_TIM_PWM_ConfigChannel)
    HAL_TIM_PWM_Init                         0x08001bc1   Thumb Code   102  stm32f1xx_hal_tim.o(i.HAL_TIM_PWM_Init)
    HAL_TIM_PWM_MspInit                      0x08001c27   Thumb Code     2  stm32f1xx_hal_tim.o(i.HAL_TIM_PWM_MspInit)
    HAL_TIM_PWM_PulseFinishedCallback        0x08001c29   Thumb Code    24  ws2812.o(i.HAL_TIM_PWM_PulseFinishedCallback)
    HAL_TIM_PWM_PulseFinishedHalfCpltCallback 0x08001c49   Thumb Code     2  stm32f1xx_hal_tim.o(i.HAL_TIM_PWM_PulseFinishedHalfCpltCallback)
    HAL_TIM_PWM_Start_DMA                    0x08001c4d   Thumb Code   506  stm32f1xx_hal_tim.o(i.HAL_TIM_PWM_Start_DMA)
    HAL_TIM_PWM_Stop_DMA                     0x08001e61   Thumb Code   260  stm32f1xx_hal_tim.o(i.HAL_TIM_PWM_Stop_DMA)
    HAL_UARTEx_RxEventCallback               0x08001f69   Thumb Code     2  stm32f1xx_hal_uart.o(i.HAL_UARTEx_RxEventCallback)
    HAL_UART_ErrorCallback                   0x08001f6b   Thumb Code     2  stm32f1xx_hal_uart.o(i.HAL_UART_ErrorCallback)
    HAL_UART_IRQHandler                      0x08001f6d   Thumb Code   736  stm32f1xx_hal_uart.o(i.HAL_UART_IRQHandler)
    HAL_UART_Init                            0x08002251   Thumb Code   118  stm32f1xx_hal_uart.o(i.HAL_UART_Init)
    HAL_UART_MspInit                         0x080022c9   Thumb Code   260  usart.o(i.HAL_UART_MspInit)
    HAL_UART_Receive_IT                      0x080023dd   Thumb Code    44  stm32f1xx_hal_uart.o(i.HAL_UART_Receive_IT)
    HAL_UART_RxCpltCallback                  0x08002409   Thumb Code    34  usart.o(i.HAL_UART_RxCpltCallback)
    HAL_UART_Transmit                        0x08002439   Thumb Code   190  stm32f1xx_hal_uart.o(i.HAL_UART_Transmit)
    HAL_UART_TxCpltCallback                  0x080024f7   Thumb Code     2  stm32f1xx_hal_uart.o(i.HAL_UART_TxCpltCallback)
    HardFault_Handler                        0x080024f9   Thumb Code     4  stm32f1xx_it.o(i.HardFault_Handler)
    InitQueue                                0x080024fd   Thumb Code    20  msg_que.o(i.InitQueue)
    InitRingFIFO                             0x08002511   Thumb Code    20  ring.o(i.InitRingFIFO)
    IsEmptyQueue                             0x08002525   Thumb Code    18  msg_que.o(i.IsEmptyQueue)
    IsEmptyRingFIFO                          0x08002537   Thumb Code    18  ring.o(i.IsEmptyRingFIFO)
    IsFullQueue                              0x08002549   Thumb Code    30  msg_que.o(i.IsFullQueue)
    IsFullRingFIFO                           0x08002567   Thumb Code    32  ring.o(i.IsFullRingFIFO)
    MX_DMA_Init                              0x08002589   Thumb Code    48  dma.o(i.MX_DMA_Init)
    MX_GPIO_Init                             0x080025bd   Thumb Code   134  gpio.o(i.MX_GPIO_Init)
    MX_TIM2_Init                             0x0800264d   Thumb Code   158  tim.o(i.MX_TIM2_Init)
    MX_USART1_UART_Init                      0x080026f1   Thumb Code    46  usart.o(i.MX_USART1_UART_Init)
    MX_USART2_UART_Init                      0x08002729   Thumb Code    56  usart.o(i.MX_USART2_UART_Init)
    MemManage_Handler                        0x0800276d   Thumb Code     4  stm32f1xx_it.o(i.MemManage_Handler)
    NMI_Handler                              0x08002771   Thumb Code     4  stm32f1xx_it.o(i.NMI_Handler)
    OutQueue                                 0x08002775   Thumb Code    48  msg_que.o(i.OutQueue)
    OutRingFIFO                              0x080027a5   Thumb Code    48  ring.o(i.OutRingFIFO)
    PendSV_Handler                           0x080027d5   Thumb Code     2  stm32f1xx_it.o(i.PendSV_Handler)
    RGB_Color                                0x08002801   Thumb Code   168  ws2812.o(i.RGB_Color)
    SVC_Handler                              0x080028ad   Thumb Code     2  stm32f1xx_it.o(i.SVC_Handler)
    SysTick_Handler                          0x080028af   Thumb Code    12  stm32f1xx_it.o(i.SysTick_Handler)
    SystemClock_Config                       0x080028bb   Thumb Code   102  main.o(i.SystemClock_Config)
    SystemInit                               0x08002921   Thumb Code     2  system_stm32f1xx.o(i.SystemInit)
    TIM_Base_SetConfig                       0x08002925   Thumb Code   120  stm32f1xx_hal_tim.o(i.TIM_Base_SetConfig)
    TIM_CCxChannelCmd                        0x080029a9   Thumb Code    34  stm32f1xx_hal_tim.o(i.TIM_CCxChannelCmd)
    TIM_DMADelayPulseHalfCplt                0x08002a33   Thumb Code    64  stm32f1xx_hal_tim.o(i.TIM_DMADelayPulseHalfCplt)
    TIM_DMAError                             0x08002a73   Thumb Code    94  stm32f1xx_hal_tim.o(i.TIM_DMAError)
    TIM_ETR_SetConfig                        0x08002ad1   Thumb Code    22  stm32f1xx_hal_tim.o(i.TIM_ETR_SetConfig)
    TIM_OC2_SetConfig                        0x08002b59   Thumb Code   100  stm32f1xx_hal_tim.o(i.TIM_OC2_SetConfig)
    UART_Start_Receive_IT                    0x08002f59   Thumb Code    64  stm32f1xx_hal_uart.o(i.UART_Start_Receive_IT)
    USART1_IRQHandler                        0x08003085   Thumb Code    10  stm32f1xx_it.o(i.USART1_IRQHandler)
    USART2_IRQHandler                        0x08003095   Thumb Code    10  stm32f1xx_it.o(i.USART2_IRQHandler)
    UsageFault_Handler                       0x080030a5   Thumb Code     4  stm32f1xx_it.o(i.UsageFault_Handler)
    __0printf$8                              0x080030a9   Thumb Code    22  printf8.o(i.__0printf$8)
    __1printf$8                              0x080030a9   Thumb Code     0  printf8.o(i.__0printf$8)
    __2printf                                0x080030a9   Thumb Code     0  printf8.o(i.__0printf$8)
    __scatterload_copy                       0x08003101   Thumb Code    14  handlers.o(i.__scatterload_copy)
    __scatterload_null                       0x0800310f   Thumb Code     2  handlers.o(i.__scatterload_null)
    __scatterload_zeroinit                   0x08003111   Thumb Code    14  handlers.o(i.__scatterload_zeroinit)
    app_cmd_8000                             0x08003579   Thumb Code    80  com_manage.o(i.app_cmd_8000)
    app_cmd_ff01                             0x080035f5   Thumb Code   214  com_manage.o(i.app_cmd_ff01)
    app_led_cw_brightness_get                0x0800373d   Thumb Code    14  led.o(i.app_led_cw_brightness_get)
    app_led_cw_brightness_set                0x08003751   Thumb Code   104  led.o(i.app_led_cw_brightness_set)
    app_led_turn_off                         0x080037f1   Thumb Code    40  led.o(i.app_led_turn_off)
    app_led_turn_on                          0x08003851   Thumb Code   104  led.o(i.app_led_turn_on)
    com_cw_report                            0x080038f1   Thumb Code    74  com_manage.o(i.com_cw_report)
    com_message_frame_packet                 0x0800396d   Thumb Code   110  com_manage.o(i.com_message_frame_packet)
    com_message_post                         0x080039e1   Thumb Code    74  com_manage.o(i.com_message_post)
    com_message_send_with_shortaddr          0x08003a2b   Thumb Code    94  com_manage.o(i.com_message_send_with_shortaddr)
    com_mq_init                              0x08003a89   Thumb Code    20  com_manage.o(i.com_mq_init)
    com_oam_task                             0x08003aa5   Thumb Code    66  com_manage.o(i.com_oam_task)
    com_rx_message_analy                     0x08003af5   Thumb Code   108  com_manage.o(i.com_rx_message_analy)
    com_rx_task_10ms                         0x08003b89   Thumb Code   248  com_manage.o(i.com_rx_task_10ms)
    com_tx_task_10ms                         0x08003c8d   Thumb Code   148  com_manage.o(i.com_tx_task_10ms)
    com_uart_recv_process                    0x08003d61   Thumb Code    62  com_manage.o(i.com_uart_recv_process)
    crc8Calculate                            0x08003dd1   Thumb Code    38  com_manage.o(i.crc8Calculate)
    fputc                                    0x08003df9   Thumb Code    22  debug.o(i.fputc)
    free                                     0x08003e15   Thumb Code    76  malloc.o(i.free)
    get_be_word                              0x08003e65   Thumb Code    18  le_be.o(i.get_be_word)
    led_cw_brightness_set                    0x08003e77   Thumb Code    10  led.o(i.led_cw_brightness_set)
    led_cw_dimmer_task                       0x08003e81   Thumb Code   230  led.o(i.led_cw_dimmer_task)
    led_get_on_off_status                    0x08003fb5   Thumb Code     6  led.o(i.led_get_on_off_status)
    led_target_duty_cal                      0x08003fc1   Thumb Code   162  led.o(i.led_target_duty_cal)
    led_user_test                            0x08004071   Thumb Code    14  led.o(i.led_user_test)
    main                                     0x08004085   Thumb Code    36  main.o(i.main)
    malloc                                   0x080040a9   Thumb Code    92  malloc.o(i.malloc)
    os_start                                 0x08004115   Thumb Code   120  picos.o(i.os_start)
    os_time_tick                             0x08004199   Thumb Code    12  picos.o(i.os_time_tick)
    rgb_black_all                            0x080041a9   Thumb Code    28  ws2812.o(i.rgb_black_all)
    rgb_color_all_set                        0x080041c5   Thumb Code    24  ws2812.o(i.rgb_color_all_set)
    ring_fifo_init                           0x080041dd   Thumb Code    16  ring.o(i.ring_fifo_init)
    ring_fifo_read                           0x080041f5   Thumb Code    78  ring.o(i.ring_fifo_read)
    ring_fifo_write                          0x0800424d   Thumb Code    78  ring.o(i.ring_fifo_write)
    round                                    0x080042a5   Thumb Code   136  round.o(i.round)
    set_be_word                              0x08004339   Thumb Code     8  le_be.o(i.set_be_word)
    ws2812_init                              0x08004341   Thumb Code    78  ws2812.o(i.ws2812_init)
    ws2812_update_display                    0x080043e1   Thumb Code    36  ws2812.o(i.ws2812_update_display)
    AHBPrescTable                            0x08004422   Data          16  system_stm32f1xx.o(.constdata)
    APBPrescTable                            0x08004432   Data           8  system_stm32f1xx.o(.constdata)
    screne_mode_table                        0x0800443c   Data          84  led.o(.constdata)
    Region$$Table$$Base                      0x08004510   Number         0  anon$$obj.o(Region$$Table)
    Region$$Table$$Limit                     0x08004530   Number         0  anon$$obj.o(Region$$Table)
    drv_rx_buf                               0x20000000   Data           1  usart.o(.data)
    uwTick                                   0x20000004   Data           4  stm32f1xx_hal.o(.data)
    uwTickPrio                               0x20000008   Data           4  stm32f1xx_hal.o(.data)
    uwTickFreq                               0x2000000c   Data           1  stm32f1xx_hal.o(.data)
    SystemCoreClock                          0x20000010   Data           4  system_stm32f1xx.o(.data)
    rgb_buf                                  0x20000014   Data           4  ws2812.o(.data)
    f_pwm_dma_finish                         0x20000018   Data           1  ws2812.o(.data)
    led_handle                               0x2000001c   Data          20  led.o(.data)
    tx_msg                                   0x20000080   Data           4  com_manage.o(.data)
    rx_msg                                   0x20000084   Data           4  com_manage.o(.data)
    cmd_table                                0x20000088   Data          16  com_manage.o(.data)
    __stdout                                 0x20000098   Data           4  stdout.o(.data)
    __microlib_freelist                      0x2000009c   Data           4  mvars.o(.data)
    __microlib_freelist_initialised          0x200000a0   Data           4  mvars.o(.data)
    htim2                                    0x200000a4   Data          72  tim.o(.bss)
    hdma_tim2_ch1                            0x200000ec   Data          68  tim.o(.bss)
    huart1                                   0x20000130   Data          72  usart.o(.bss)
    huart2                                   0x20000178   Data          72  usart.o(.bss)
    tx_mq_hd                                 0x200002c8   Data          44  com_manage.o(.bss)
    rx_mq_hd                                 0x200002f4   Data          44  com_manage.o(.bss)
    __heap_base                              0x20000320   Data           0  startup_stm32f103xb.o(HEAP)
    __heap_limit                             0x20003320   Data           0  startup_stm32f103xb.o(HEAP)
    __initial_sp                             0x20003720   Data           0  startup_stm32f103xb.o(STACK)



==============================================================================

Memory Map of the image

  Image Entry point : 0x080000ed

  Load Region LR_IROM1 (Base: 0x08000000, Size: 0x000045d4, Max: 0x00010000, ABSOLUTE)

    Execution Region ER_IROM1 (Exec base: 0x08000000, Load base: 0x08000000, Size: 0x00004530, Max: 0x00010000, ABSOLUTE)

    Exec Addr    Load Addr    Size         Type   Attr      Idx    E Section Name        Object

    0x08000000   0x08000000   0x000000ec   Data   RO            3    RESET               startup_stm32f103xb.o
    0x080000ec   0x080000ec   0x00000000   Code   RO         3432  * .ARM.Collect$$$$00000000  mc_w.l(entry.o)
    0x080000ec   0x080000ec   0x00000004   Code   RO         3744    .ARM.Collect$$$$00000001  mc_w.l(entry2.o)
    0x080000f0   0x080000f0   0x00000004   Code   RO         3747    .ARM.Collect$$$$00000004  mc_w.l(entry5.o)
    0x080000f4   0x080000f4   0x00000000   Code   RO         3749    .ARM.Collect$$$$00000008  mc_w.l(entry7b.o)
    0x080000f4   0x080000f4   0x00000000   Code   RO         3751    .ARM.Collect$$$$0000000A  mc_w.l(entry8b.o)
    0x080000f4   0x080000f4   0x00000008   Code   RO         3752    .ARM.Collect$$$$0000000B  mc_w.l(entry9a.o)
    0x080000fc   0x080000fc   0x00000004   Code   RO         3759    .ARM.Collect$$$$0000000E  mc_w.l(entry12b.o)
    0x08000100   0x08000100   0x00000000   Code   RO         3754    .ARM.Collect$$$$0000000F  mc_w.l(entry10a.o)
    0x08000100   0x08000100   0x00000000   Code   RO         3756    .ARM.Collect$$$$00000011  mc_w.l(entry11a.o)
    0x08000100   0x08000100   0x00000004   Code   RO         3745    .ARM.Collect$$$$00002712  mc_w.l(entry2.o)
    0x08000104   0x08000104   0x00000024   Code   RO            4    .text               startup_stm32f103xb.o
    0x08000128   0x08000128   0x00000020   Code   RO         3435    .text               mc_w.l(llushr.o)
    0x08000148   0x08000148   0x00000024   Code   RO         3437    .text               mc_w.l(memcpya.o)
    0x0800016c   0x0800016c   0x00000024   Code   RO         3439    .text               mc_w.l(memseta.o)
    0x08000190   0x08000190   0x000000b0   Code   RO         3732    .text               mf_w.l(fadd.o)
    0x08000240   0x08000240   0x00000064   Code   RO         3734    .text               mf_w.l(fmul.o)
    0x080002a4   0x080002a4   0x0000007c   Code   RO         3736    .text               mf_w.l(fdiv.o)
    0x08000320   0x08000320   0x00000012   Code   RO         3738    .text               mf_w.l(fflti.o)
    0x08000332   0x08000332   0x00000032   Code   RO         3740    .text               mf_w.l(dfixui.o)
    0x08000364   0x08000364   0x00000026   Code   RO         3742    .text               mf_w.l(f2d.o)
    0x0800038a   0x0800038a   0x00000062   Code   RO         3763    .text               mc_w.l(uldiv.o)
    0x080003ec   0x080003ec   0x00000000   Code   RO         3767    .text               mc_w.l(iusefp.o)
    0x080003ec   0x080003ec   0x0000006e   Code   RO         3768    .text               mf_w.l(fepilogue.o)
    0x0800045a   0x0800045a   0x0000014e   Code   RO         3770    .text               mf_w.l(dadd.o)
    0x080005a8   0x080005a8   0x00000088   Code   RO         3776    .text               mf_w.l(drnd.o)
    0x08000630   0x08000630   0x00000030   Code   RO         3780    .text               mf_w.l(cdcmple.o)
    0x08000660   0x08000660   0x00000030   Code   RO         3782    .text               mf_w.l(cdrcmple.o)
    0x08000690   0x08000690   0x00000024   Code   RO         3784    .text               mc_w.l(init.o)
    0x080006b4   0x080006b4   0x0000001e   Code   RO         3786    .text               mc_w.l(llshl.o)
    0x080006d2   0x080006d2   0x00000024   Code   RO         3788    .text               mc_w.l(llsshr.o)
    0x080006f6   0x080006f6   0x000000ba   Code   RO         3790    .text               mf_w.l(depilogue.o)
    0x080007b0   0x080007b0   0x00000004   Code   RO          308    i.BusFault_Handler  stm32f1xx_it.o
    0x080007b4   0x080007b4   0x00000010   Code   RO          309    i.DMA1_Channel5_IRQHandler  stm32f1xx_it.o
    0x080007c4   0x080007c4   0x0000002c   Code   RO         1831    i.DMA_SetConfig     stm32f1xx_hal_dma.o
    0x080007f0   0x080007f0   0x00000002   Code   RO          310    i.DebugMon_Handler  stm32f1xx_it.o
    0x080007f2   0x080007f2   0x00000030   Code   RO         3161    i.EnterQueue        msg_que.o
    0x08000822   0x08000822   0x00000030   Code   RO         3206    i.EnterRingFIFO     ring.o
    0x08000852   0x08000852   0x00000006   Code   RO           13    i.Error_Handler     main.o
    0x08000858   0x08000858   0x00000056   Code   RO         1832    i.HAL_DMA_Abort     stm32f1xx_hal_dma.o
    0x080008ae   0x080008ae   0x00000002   PAD
    0x080008b0   0x080008b0   0x000000b0   Code   RO         1833    i.HAL_DMA_Abort_IT  stm32f1xx_hal_dma.o
    0x08000960   0x08000960   0x0000019c   Code   RO         1837    i.HAL_DMA_IRQHandler  stm32f1xx_hal_dma.o
    0x08000afc   0x08000afc   0x00000068   Code   RO         1838    i.HAL_DMA_Init      stm32f1xx_hal_dma.o
    0x08000b64   0x08000b64   0x0000009c   Code   RO         1842    i.HAL_DMA_Start_IT  stm32f1xx_hal_dma.o
    0x08000c00   0x08000c00   0x00000028   Code   RO         1453    i.HAL_Delay         stm32f1xx_hal.o
    0x08000c28   0x08000c28   0x00000320   Code   RO         1768    i.HAL_GPIO_Init     stm32f1xx_hal_gpio.o
    0x08000f48   0x08000f48   0x00000014   Code   RO         1771    i.HAL_GPIO_TogglePin  stm32f1xx_hal_gpio.o
    0x08000f5c   0x08000f5c   0x0000000c   Code   RO         1772    i.HAL_GPIO_WritePin  stm32f1xx_hal_gpio.o
    0x08000f68   0x08000f68   0x0000000c   Code   RO         1457    i.HAL_GetTick       stm32f1xx_hal.o
    0x08000f74   0x08000f74   0x00000018   Code   RO         1463    i.HAL_IncTick       stm32f1xx_hal.o
    0x08000f8c   0x08000f8c   0x00000028   Code   RO         1464    i.HAL_Init          stm32f1xx_hal.o
    0x08000fb4   0x08000fb4   0x0000004c   Code   RO         1465    i.HAL_InitTick      stm32f1xx_hal.o
    0x08001000   0x08001000   0x00000054   Code   RO          402    i.HAL_MspInit       stm32f1xx_hal_msp.o
    0x08001054   0x08001054   0x00000020   Code   RO         1928    i.HAL_NVIC_EnableIRQ  stm32f1xx_hal_cortex.o
    0x08001074   0x08001074   0x0000007c   Code   RO         1934    i.HAL_NVIC_SetPriority  stm32f1xx_hal_cortex.o
    0x080010f0   0x080010f0   0x00000028   Code   RO         1935    i.HAL_NVIC_SetPriorityGrouping  stm32f1xx_hal_cortex.o
    0x08001118   0x08001118   0x0000018c   Code   RO         1621    i.HAL_RCC_ClockConfig  stm32f1xx_hal_rcc.o
    0x080012a4   0x080012a4   0x0000000c   Code   RO         1626    i.HAL_RCC_GetHCLKFreq  stm32f1xx_hal_rcc.o
    0x080012b0   0x080012b0   0x00000020   Code   RO         1628    i.HAL_RCC_GetPCLK1Freq  stm32f1xx_hal_rcc.o
    0x080012d0   0x080012d0   0x00000020   Code   RO         1629    i.HAL_RCC_GetPCLK2Freq  stm32f1xx_hal_rcc.o
    0x080012f0   0x080012f0   0x00000070   Code   RO         1630    i.HAL_RCC_GetSysClockFreq  stm32f1xx_hal_rcc.o
    0x08001360   0x08001360   0x00000464   Code   RO         1633    i.HAL_RCC_OscConfig  stm32f1xx_hal_rcc.o
    0x080017c4   0x080017c4   0x00000034   Code   RO         1939    i.HAL_SYSTICK_Config  stm32f1xx_hal_cortex.o
    0x080017f8   0x080017f8   0x00000084   Code   RO         1198    i.HAL_TIMEx_MasterConfigSynchronization  stm32f1xx_hal_tim_ex.o
    0x0800187c   0x0800187c   0x00000066   Code   RO          464    i.HAL_TIM_Base_Init  stm32f1xx_hal_tim.o
    0x080018e2   0x080018e2   0x00000002   PAD
    0x080018e4   0x080018e4   0x00000074   Code   RO          203    i.HAL_TIM_Base_MspInit  tim.o
    0x08001958   0x08001958   0x0000010c   Code   RO          473    i.HAL_TIM_ConfigClockSource  stm32f1xx_hal_tim.o
    0x08001a64   0x08001a64   0x00000002   Code   RO          494    i.HAL_TIM_ErrorCallback  stm32f1xx_hal_tim.o
    0x08001a66   0x08001a66   0x00000002   PAD
    0x08001a68   0x08001a68   0x00000054   Code   RO          204    i.HAL_TIM_MspPostInit  tim.o
    0x08001abc   0x08001abc   0x00000104   Code   RO          536    i.HAL_TIM_PWM_ConfigChannel  stm32f1xx_hal_tim.o
    0x08001bc0   0x08001bc0   0x00000066   Code   RO          539    i.HAL_TIM_PWM_Init  stm32f1xx_hal_tim.o
    0x08001c26   0x08001c26   0x00000002   Code   RO          541    i.HAL_TIM_PWM_MspInit  stm32f1xx_hal_tim.o
    0x08001c28   0x08001c28   0x00000020   Code   RO         2895    i.HAL_TIM_PWM_PulseFinishedCallback  ws2812.o
    0x08001c48   0x08001c48   0x00000002   Code   RO          543    i.HAL_TIM_PWM_PulseFinishedHalfCpltCallback  stm32f1xx_hal_tim.o
    0x08001c4a   0x08001c4a   0x00000002   PAD
    0x08001c4c   0x08001c4c   0x00000214   Code   RO          545    i.HAL_TIM_PWM_Start_DMA  stm32f1xx_hal_tim.o
    0x08001e60   0x08001e60   0x00000108   Code   RO          548    i.HAL_TIM_PWM_Stop_DMA  stm32f1xx_hal_tim.o
    0x08001f68   0x08001f68   0x00000002   Code   RO         2466    i.HAL_UARTEx_RxEventCallback  stm32f1xx_hal_uart.o
    0x08001f6a   0x08001f6a   0x00000002   Code   RO         2480    i.HAL_UART_ErrorCallback  stm32f1xx_hal_uart.o
    0x08001f6c   0x08001f6c   0x000002e4   Code   RO         2483    i.HAL_UART_IRQHandler  stm32f1xx_hal_uart.o
    0x08002250   0x08002250   0x00000076   Code   RO         2484    i.HAL_UART_Init     stm32f1xx_hal_uart.o
    0x080022c6   0x080022c6   0x00000002   PAD
    0x080022c8   0x080022c8   0x00000114   Code   RO          251    i.HAL_UART_MspInit  usart.o
    0x080023dc   0x080023dc   0x0000002c   Code   RO         2489    i.HAL_UART_Receive_IT  stm32f1xx_hal_uart.o
    0x08002408   0x08002408   0x00000030   Code   RO          252    i.HAL_UART_RxCpltCallback  usart.o
    0x08002438   0x08002438   0x000000be   Code   RO         2492    i.HAL_UART_Transmit  stm32f1xx_hal_uart.o
    0x080024f6   0x080024f6   0x00000002   Code   RO         2495    i.HAL_UART_TxCpltCallback  stm32f1xx_hal_uart.o
    0x080024f8   0x080024f8   0x00000004   Code   RO          311    i.HardFault_Handler  stm32f1xx_it.o
    0x080024fc   0x080024fc   0x00000014   Code   RO         3162    i.InitQueue         msg_que.o
    0x08002510   0x08002510   0x00000014   Code   RO         3207    i.InitRingFIFO      ring.o
    0x08002524   0x08002524   0x00000012   Code   RO         3163    i.IsEmptyQueue      msg_que.o
    0x08002536   0x08002536   0x00000012   Code   RO         3208    i.IsEmptyRingFIFO   ring.o
    0x08002548   0x08002548   0x0000001e   Code   RO         3164    i.IsFullQueue       msg_que.o
    0x08002566   0x08002566   0x00000020   Code   RO         3209    i.IsFullRingFIFO    ring.o
    0x08002586   0x08002586   0x00000002   PAD
    0x08002588   0x08002588   0x00000034   Code   RO          178    i.MX_DMA_Init       dma.o
    0x080025bc   0x080025bc   0x00000090   Code   RO          154    i.MX_GPIO_Init      gpio.o
    0x0800264c   0x0800264c   0x000000a4   Code   RO          205    i.MX_TIM2_Init      tim.o
    0x080026f0   0x080026f0   0x00000038   Code   RO          253    i.MX_USART1_UART_Init  usart.o
    0x08002728   0x08002728   0x00000044   Code   RO          254    i.MX_USART2_UART_Init  usart.o
    0x0800276c   0x0800276c   0x00000004   Code   RO          312    i.MemManage_Handler  stm32f1xx_it.o
    0x08002770   0x08002770   0x00000004   Code   RO          313    i.NMI_Handler       stm32f1xx_it.o
    0x08002774   0x08002774   0x00000030   Code   RO         3165    i.OutQueue          msg_que.o
    0x080027a4   0x080027a4   0x00000030   Code   RO         3210    i.OutRingFIFO       ring.o
    0x080027d4   0x080027d4   0x00000002   Code   RO          314    i.PendSV_Handler    stm32f1xx_it.o
    0x080027d6   0x080027d6   0x00000002   PAD
    0x080027d8   0x080027d8   0x00000028   Code   RO         1634    i.RCC_Delay         stm32f1xx_hal_rcc.o
    0x08002800   0x08002800   0x000000ac   Code   RO         2896    i.RGB_Color         ws2812.o
    0x080028ac   0x080028ac   0x00000002   Code   RO          315    i.SVC_Handler       stm32f1xx_it.o
    0x080028ae   0x080028ae   0x0000000c   Code   RO          316    i.SysTick_Handler   stm32f1xx_it.o
    0x080028ba   0x080028ba   0x00000066   Code   RO           14    i.SystemClock_Config  main.o
    0x08002920   0x08002920   0x00000002   Code   RO         2828    i.SystemInit        system_stm32f1xx.o
    0x08002922   0x08002922   0x00000002   PAD
    0x08002924   0x08002924   0x00000084   Code   RO          557    i.TIM_Base_SetConfig  stm32f1xx_hal_tim.o
    0x080029a8   0x080029a8   0x00000022   Code   RO          558    i.TIM_CCxChannelCmd  stm32f1xx_hal_tim.o
    0x080029ca   0x080029ca   0x00000068   Code   RO          561    i.TIM_DMADelayPulseCplt  stm32f1xx_hal_tim.o
    0x08002a32   0x08002a32   0x00000040   Code   RO          562    i.TIM_DMADelayPulseHalfCplt  stm32f1xx_hal_tim.o
    0x08002a72   0x08002a72   0x0000005e   Code   RO          563    i.TIM_DMAError      stm32f1xx_hal_tim.o
    0x08002ad0   0x08002ad0   0x00000016   Code   RO          568    i.TIM_ETR_SetConfig  stm32f1xx_hal_tim.o
    0x08002ae6   0x08002ae6   0x00000012   Code   RO          569    i.TIM_ITRx_SetConfig  stm32f1xx_hal_tim.o
    0x08002af8   0x08002af8   0x00000060   Code   RO          570    i.TIM_OC1_SetConfig  stm32f1xx_hal_tim.o
    0x08002b58   0x08002b58   0x00000068   Code   RO          571    i.TIM_OC2_SetConfig  stm32f1xx_hal_tim.o
    0x08002bc0   0x08002bc0   0x00000068   Code   RO          572    i.TIM_OC3_SetConfig  stm32f1xx_hal_tim.o
    0x08002c28   0x08002c28   0x00000048   Code   RO          573    i.TIM_OC4_SetConfig  stm32f1xx_hal_tim.o
    0x08002c70   0x08002c70   0x00000026   Code   RO          575    i.TIM_TI1_ConfigInputStage  stm32f1xx_hal_tim.o
    0x08002c96   0x08002c96   0x00000028   Code   RO          577    i.TIM_TI2_ConfigInputStage  stm32f1xx_hal_tim.o
    0x08002cbe   0x08002cbe   0x00000014   Code   RO         2497    i.UART_DMAAbortOnError  stm32f1xx_hal_uart.o
    0x08002cd2   0x08002cd2   0x0000006c   Code   RO         2507    i.UART_EndRxTransfer  stm32f1xx_hal_uart.o
    0x08002d3e   0x08002d3e   0x00000020   Code   RO         2508    i.UART_EndTransmit_IT  stm32f1xx_hal_uart.o
    0x08002d5e   0x08002d5e   0x000000fc   Code   RO         2510    i.UART_Receive_IT   stm32f1xx_hal_uart.o
    0x08002e5a   0x08002e5a   0x00000002   PAD
    0x08002e5c   0x08002e5c   0x000000fc   Code   RO         2511    i.UART_SetConfig    stm32f1xx_hal_uart.o
    0x08002f58   0x08002f58   0x00000040   Code   RO         2513    i.UART_Start_Receive_IT  stm32f1xx_hal_uart.o
    0x08002f98   0x08002f98   0x00000060   Code   RO         2514    i.UART_Transmit_IT  stm32f1xx_hal_uart.o
    0x08002ff8   0x08002ff8   0x0000008c   Code   RO         2515    i.UART_WaitOnFlagUntilTimeout  stm32f1xx_hal_uart.o
    0x08003084   0x08003084   0x00000010   Code   RO          317    i.USART1_IRQHandler  stm32f1xx_it.o
    0x08003094   0x08003094   0x00000010   Code   RO          318    i.USART2_IRQHandler  stm32f1xx_it.o
    0x080030a4   0x080030a4   0x00000004   Code   RO          319    i.UsageFault_Handler  stm32f1xx_it.o
    0x080030a8   0x080030a8   0x00000020   Code   RO         3650    i.__0printf$8       mc_w.l(printf8.o)
    0x080030c8   0x080030c8   0x00000010   Code   RO         1941    i.__NVIC_GetPriorityGrouping  stm32f1xx_hal_cortex.o
    0x080030d8   0x080030d8   0x00000028   Code   RO         1942    i.__NVIC_SetPriority  stm32f1xx_hal_cortex.o
    0x08003100   0x08003100   0x0000000e   Code   RO         3794    i.__scatterload_copy  mc_w.l(handlers.o)
    0x0800310e   0x0800310e   0x00000002   Code   RO         3795    i.__scatterload_null  mc_w.l(handlers.o)
    0x08003110   0x08003110   0x0000000e   Code   RO         3796    i.__scatterload_zeroinit  mc_w.l(handlers.o)
    0x0800311e   0x0800311e   0x00000002   PAD
    0x08003120   0x08003120   0x00000404   Code   RO         3657    i._printf_core      mc_w.l(printf8.o)
    0x08003524   0x08003524   0x00000024   Code   RO         3658    i._printf_post_padding  mc_w.l(printf8.o)
    0x08003548   0x08003548   0x0000002e   Code   RO         3659    i._printf_pre_padding  mc_w.l(printf8.o)
    0x08003576   0x08003576   0x00000002   PAD
    0x08003578   0x08003578   0x0000007c   Code   RO         3268    i.app_cmd_8000      com_manage.o
    0x080035f4   0x080035f4   0x00000148   Code   RO         3269    i.app_cmd_ff01      com_manage.o
    0x0800373c   0x0800373c   0x00000014   Code   RO         2965    i.app_led_cw_brightness_get  led.o
    0x08003750   0x08003750   0x000000a0   Code   RO         2966    i.app_led_cw_brightness_set  led.o
    0x080037f0   0x080037f0   0x00000060   Code   RO         2967    i.app_led_turn_off  led.o
    0x08003850   0x08003850   0x000000a0   Code   RO         2968    i.app_led_turn_on   led.o
    0x080038f0   0x080038f0   0x0000007c   Code   RO         3270    i.com_cw_report     com_manage.o
    0x0800396c   0x0800396c   0x00000074   Code   RO         3271    i.com_message_frame_packet  com_manage.o
    0x080039e0   0x080039e0   0x0000004a   Code   RO         3272    i.com_message_post  com_manage.o
    0x08003a2a   0x08003a2a   0x0000005e   Code   RO         3273    i.com_message_send_with_shortaddr  com_manage.o
    0x08003a88   0x08003a88   0x0000001c   Code   RO         3274    i.com_mq_init       com_manage.o
    0x08003aa4   0x08003aa4   0x00000050   Code   RO         3275    i.com_oam_task      com_manage.o
    0x08003af4   0x08003af4   0x00000094   Code   RO         3276    i.com_rx_message_analy  com_manage.o
    0x08003b88   0x08003b88   0x00000104   Code   RO         3277    i.com_rx_task_10ms  com_manage.o
    0x08003c8c   0x08003c8c   0x000000d4   Code   RO         3278    i.com_tx_task_10ms  com_manage.o
    0x08003d60   0x08003d60   0x00000070   Code   RO         3279    i.com_uart_recv_process  com_manage.o
    0x08003dd0   0x08003dd0   0x00000026   Code   RO         3280    i.crc8Calculate     com_manage.o
    0x08003df6   0x08003df6   0x00000002   PAD
    0x08003df8   0x08003df8   0x0000001c   Code   RO         2864    i.fputc             debug.o
    0x08003e14   0x08003e14   0x00000050   Code   RO         3704    i.free              mc_w.l(malloc.o)
    0x08003e64   0x08003e64   0x00000012   Code   RO         3377    i.get_be_word       le_be.o
    0x08003e76   0x08003e76   0x0000000a   Code   RO         2970    i.led_cw_brightness_set  led.o
    0x08003e80   0x08003e80   0x00000134   Code   RO         2971    i.led_cw_dimmer_task  led.o
    0x08003fb4   0x08003fb4   0x0000000c   Code   RO         2973    i.led_get_on_off_status  led.o
    0x08003fc0   0x08003fc0   0x000000b0   Code   RO         2977    i.led_target_duty_cal  led.o
    0x08004070   0x08004070   0x00000014   Code   RO         2978    i.led_user_test     led.o
    0x08004084   0x08004084   0x00000024   Code   RO           15    i.main              main.o
    0x080040a8   0x080040a8   0x0000006c   Code   RO         3705    i.malloc            mc_w.l(malloc.o)
    0x08004114   0x08004114   0x00000084   Code   RO         3084    i.os_start          picos.o
    0x08004198   0x08004198   0x00000010   Code   RO         3085    i.os_time_tick      picos.o
    0x080041a8   0x080041a8   0x0000001c   Code   RO         2897    i.rgb_black_all     ws2812.o
    0x080041c4   0x080041c4   0x00000018   Code   RO         2898    i.rgb_color_all_set  ws2812.o
    0x080041dc   0x080041dc   0x00000018   Code   RO         3211    i.ring_fifo_init    ring.o
    0x080041f4   0x080041f4   0x00000058   Code   RO         3212    i.ring_fifo_read    ring.o
    0x0800424c   0x0800424c   0x00000058   Code   RO         3213    i.ring_fifo_write   ring.o
    0x080042a4   0x080042a4   0x00000094   Code   RO         3430    i.round             m_ws.l(round.o)
    0x08004338   0x08004338   0x00000008   Code   RO         3381    i.set_be_word       le_be.o
    0x08004340   0x08004340   0x000000a0   Code   RO         2899    i.ws2812_init       ws2812.o
    0x080043e0   0x080043e0   0x00000030   Code   RO         2900    i.ws2812_update_display  ws2812.o
    0x08004410   0x08004410   0x00000012   Data   RO         1635    .constdata          stm32f1xx_hal_rcc.o
    0x08004422   0x08004422   0x00000018   Data   RO         2829    .constdata          system_stm32f1xx.o
    0x0800443a   0x0800443a   0x00000002   PAD
    0x0800443c   0x0800443c   0x000000a3   Data   RO         2979    .constdata          led.o
    0x080044df   0x080044df   0x0000002f   Data   RO         3282    .constdata          com_manage.o
    0x0800450e   0x0800450e   0x00000002   PAD
    0x08004510   0x08004510   0x00000020   Data   RO         3792    Region$$Table       anon$$obj.o


    Execution Region RW_IRAM1 (Exec base: 0x20000000, Load base: 0x08004530, Size: 0x00003720, Max: 0x00005000, ABSOLUTE)

    Exec Addr    Load Addr    Size         Type   Attr      Idx    E Section Name        Object

    0x20000000   0x08004530   0x00000001   Data   RW          256    .data               usart.o
    0x20000001   0x08004531   0x00000003   PAD
    0x20000004   0x08004534   0x00000009   Data   RW         1471    .data               stm32f1xx_hal.o
    0x2000000d   0x0800453d   0x00000003   PAD
    0x20000010   0x08004540   0x00000004   Data   RW         2830    .data               system_stm32f1xx.o
    0x20000014   0x08004544   0x00000005   Data   RW         2901    .data               ws2812.o
    0x20000019   0x08004549   0x00000003   PAD
    0x2000001c   0x0800454c   0x00000019   Data   RW         2980    .data               led.o
    0x20000035   0x08004565   0x00000003   PAD
    0x20000038   0x08004568   0x00000041   Data   RW         3086    .data               picos.o
    0x20000079   0x080045a9   0x00000003   PAD
    0x2000007c   0x080045ac   0x0000001c   Data   RW         3283    .data               com_manage.o
    0x20000098   0x080045c8   0x00000004   Data   RW         3760    .data               mc_w.l(stdout.o)
    0x2000009c   0x080045cc   0x00000004   Data   RW         3765    .data               mc_w.l(mvars.o)
    0x200000a0   0x080045d0   0x00000004   Data   RW         3766    .data               mc_w.l(mvars.o)
    0x200000a4        -       0x0000008c   Zero   RW          206    .bss                tim.o
    0x20000130        -       0x00000090   Zero   RW          255    .bss                usart.o
    0x200001c0        -       0x00000084   Zero   RW         3214    .bss                ring.o
    0x20000244        -       0x000000dc   Zero   RW         3281    .bss                com_manage.o
    0x20000320        -       0x00003000   Zero   RW            2    HEAP                startup_stm32f103xb.o
    0x20003320        -       0x00000400   Zero   RW            1    STACK               startup_stm32f103xb.o


==============================================================================

Image component sizes


      Code (inc. data)   RO Data    RW Data    ZI Data      Debug   Object Name

      1738        402         47         28        220      11068   com_manage.o
        28          6          0          0          0       1712   debug.o
        52          4          0          0          0        698   dma.o
       144         10          0          0          0        859   gpio.o
        26          0          0          0          0       1176   le_be.o
       962        278        163         25          0       8605   led.o
       144          0          0          0          0     427188   main.o
       164          0          0          0          0       3441   msg_que.o
       148         16          0         65          0       1398   picos.o
       366         28          0          0        132       5604   ring.o
        36          8        236          0      13312        780   startup_stm32f103xb.o
       192         36          0          9          0       5713   stm32f1xx_hal.o
       304         22          0          0          0      29255   stm32f1xx_hal_cortex.o
       978         12          0          0          0       4706   stm32f1xx_hal_dma.o
       832         34          0          0          0       3197   stm32f1xx_hal_gpio.o
        84          8          0          0          0        850   stm32f1xx_hal_msp.o
      1748         98         18          0          0       5784   stm32f1xx_hal_rcc.o
      2456         62          0          0          0      15636   stm32f1xx_hal_tim.o
       132         14          0          0          0       1288   stm32f1xx_hal_tim_ex.o
      2062          8          0          0          0      11620   stm32f1xx_hal_uart.o
        86         18          0          0          0       5061   stm32f1xx_it.o
         2          0         24          4          0       1047   system_stm32f1xx.o
       364         30          0          0        140       2318   tim.o
       448         52          0          1        144       2772   usart.o
       464        106          0          5          0       4389   ws2812.o

    ----------------------------------------------------------------------
     13980       1252        524        152      13948     556165   Object Totals
         0          0         32          0          0          0   (incl. Generated)
        20          0          4         15          0          0   (incl. Padding)

    ----------------------------------------------------------------------

      Code (inc. data)   RO Data    RW Data    ZI Data      Debug   Library Member Name

       148         12          0          0          0         88   round.o
         0          0          0          0          0          0   entry.o
         0          0          0          0          0          0   entry10a.o
         0          0          0          0          0          0   entry11a.o
         4          0          0          0          0          0   entry12b.o
         8          4          0          0          0          0   entry2.o
         4          0          0          0          0          0   entry5.o
         0          0          0          0          0          0   entry7b.o
         0          0          0          0          0          0   entry8b.o
         8          4          0          0          0          0   entry9a.o
        30          0          0          0          0          0   handlers.o
        36          8          0          0          0         68   init.o
         0          0          0          0          0          0   iusefp.o
        30          0          0          0          0         68   llshl.o
        36          0          0          0          0         68   llsshr.o
        32          0          0          0          0         68   llushr.o
       188         20          0          0          0        160   malloc.o
        36          0          0          0          0         68   memcpya.o
        36          0          0          0          0        108   memseta.o
         0          0          0          8          0          0   mvars.o
      1142         54          0          0          0        352   printf8.o
         0          0          0          4          0          0   stdout.o
        98          0          0          0          0         92   uldiv.o
        48          0          0          0          0         68   cdcmple.o
        48          0          0          0          0         68   cdrcmple.o
       334          0          0          0          0        148   dadd.o
       186          0          0          0          0        176   depilogue.o
        50          0          0          0          0         76   dfixui.o
       136          4          0          0          0         92   drnd.o
        38          0          0          0          0         68   f2d.o
       176          0          0          0          0        140   fadd.o
       124          0          0          0          0         88   fdiv.o
       110          0          0          0          0        168   fepilogue.o
        18          0          0          0          0         68   fflti.o
       100          0          0          0          0         76   fmul.o

    ----------------------------------------------------------------------
      3208        106          0         12          0       2376   Library Totals
         4          0          0          0          0          0   (incl. Padding)

    ----------------------------------------------------------------------

      Code (inc. data)   RO Data    RW Data    ZI Data      Debug   Library Name

       148         12          0          0          0         88   m_ws.l
      1688         90          0         12          0       1052   mc_w.l
      1368          4          0          0          0       1236   mf_w.l

    ----------------------------------------------------------------------
      3208        106          0         12          0       2376   Library Totals

    ----------------------------------------------------------------------

==============================================================================


      Code (inc. data)   RO Data    RW Data    ZI Data      Debug   

     17188       1358        524        164      13948     550633   Grand Totals
     17188       1358        524        164      13948     550633   ELF Image Totals
     17188       1358        524        164          0          0   ROM Totals

==============================================================================

    Total RO  Size (Code + RO Data)                17712 (  17.30kB)
    Total RW  Size (RW Data + ZI Data)             14112 (  13.78kB)
    Total ROM Size (Code + RO Data + RW Data)      17876 (  17.46kB)

==============================================================================

